Archive member included to satisfy reference by file (symbol)

C:/MyProgramFiles/Engineering/Embedded/STM32CubeCLT-1.16.0/STM32CubeCLT_1.16.0/GNU-tools-for-STM32/bin/../lib/gcc/arm-none-eabi/12.3.1/thumb/v7e-m/nofp\libgcc.a(_aeabi_uldivmod.o)
                              CMakeFiles/STM32TwoBoardsCommunication.elf.dir/Drivers/STM32F4xx_HAL_Driver/Src/stm32f4xx_hal_rcc.c.obj (__aeabi_uldivmod)
C:/MyProgramFiles/Engineering/Embedded/STM32CubeCLT-1.16.0/STM32CubeCLT_1.16.0/GNU-tools-for-STM32/bin/../lib/gcc/arm-none-eabi/12.3.1/thumb/v7e-m/nofp\libgcc.a(_udivmoddi4.o)
                              C:/MyProgramFiles/Engineering/Embedded/STM32CubeCLT-1.16.0/STM32CubeCLT_1.16.0/GNU-tools-for-STM32/bin/../lib/gcc/arm-none-eabi/12.3.1/thumb/v7e-m/nofp\libgcc.a(_aeabi_uldivmod.o) (__udivmoddi4)
C:/MyProgramFiles/Engineering/Embedded/STM32CubeCLT-1.16.0/STM32CubeCLT_1.16.0/GNU-tools-for-STM32/bin/../lib/gcc/arm-none-eabi/12.3.1/thumb/v7e-m/nofp\libgcc.a(unwind-arm.o)
                              CMakeFiles/STM32TwoBoardsCommunication.elf.dir/Core/Src/can_task.cpp.obj (__aeabi_unwind_cpp_pr0)
C:/MyProgramFiles/Engineering/Embedded/STM32CubeCLT-1.16.0/STM32CubeCLT_1.16.0/GNU-tools-for-STM32/bin/../lib/gcc/arm-none-eabi/12.3.1/thumb/v7e-m/nofp\libgcc.a(libunwind.o)
                              C:/MyProgramFiles/Engineering/Embedded/STM32CubeCLT-1.16.0/STM32CubeCLT_1.16.0/GNU-tools-for-STM32/bin/../lib/gcc/arm-none-eabi/12.3.1/thumb/v7e-m/nofp\libgcc.a(unwind-arm.o) (restore_core_regs)
C:/MyProgramFiles/Engineering/Embedded/STM32CubeCLT-1.16.0/STM32CubeCLT_1.16.0/GNU-tools-for-STM32/bin/../lib/gcc/arm-none-eabi/12.3.1/thumb/v7e-m/nofp\libgcc.a(pr-support.o)
                              C:/MyProgramFiles/Engineering/Embedded/STM32CubeCLT-1.16.0/STM32CubeCLT_1.16.0/GNU-tools-for-STM32/bin/../lib/gcc/arm-none-eabi/12.3.1/thumb/v7e-m/nofp\libgcc.a(unwind-arm.o) (__gnu_unwind_execute)
C:/MyProgramFiles/Engineering/Embedded/STM32CubeCLT-1.16.0/STM32CubeCLT_1.16.0/GNU-tools-for-STM32/bin/../lib/gcc/arm-none-eabi/12.3.1/thumb/v7e-m/nofp\libgcc.a(_dvmd_tls.o)
                              C:/MyProgramFiles/Engineering/Embedded/STM32CubeCLT-1.16.0/STM32CubeCLT_1.16.0/GNU-tools-for-STM32/bin/../lib/gcc/arm-none-eabi/12.3.1/thumb/v7e-m/nofp\libgcc.a(_aeabi_uldivmod.o) (__aeabi_ldiv0)
C:/MyProgramFiles/Engineering/Embedded/STM32CubeCLT-1.16.0/STM32CubeCLT_1.16.0/GNU-tools-for-STM32/bin/../lib/gcc/arm-none-eabi/12.3.1/../../../../arm-none-eabi/lib/thumb/v7e-m/nofp\libc.a(libc_a-abort.o)
                              C:/MyProgramFiles/Engineering/Embedded/STM32CubeCLT-1.16.0/STM32CubeCLT_1.16.0/GNU-tools-for-STM32/bin/../lib/gcc/arm-none-eabi/12.3.1/thumb/v7e-m/nofp\libgcc.a(unwind-arm.o) (abort)
C:/MyProgramFiles/Engineering/Embedded/STM32CubeCLT-1.16.0/STM32CubeCLT_1.16.0/GNU-tools-for-STM32/bin/../lib/gcc/arm-none-eabi/12.3.1/../../../../arm-none-eabi/lib/thumb/v7e-m/nofp\libc.a(libc_a-exit.o)
                              C:/MyProgramFiles/Engineering/Embedded/STM32CubeCLT-1.16.0/STM32CubeCLT_1.16.0/GNU-tools-for-STM32/bin/../lib/gcc/arm-none-eabi/12.3.1/../../../../arm-none-eabi/lib/thumb/v7e-m/nofp/crt0.o (exit)
C:/MyProgramFiles/Engineering/Embedded/STM32CubeCLT-1.16.0/STM32CubeCLT_1.16.0/GNU-tools-for-STM32/bin/../lib/gcc/arm-none-eabi/12.3.1/../../../../arm-none-eabi/lib/thumb/v7e-m/nofp\libc.a(libc_a-findfp.o)
                              C:/MyProgramFiles/Engineering/Embedded/STM32CubeCLT-1.16.0/STM32CubeCLT_1.16.0/GNU-tools-for-STM32/bin/../lib/gcc/arm-none-eabi/12.3.1/../../../../arm-none-eabi/lib/thumb/v7e-m/nofp\libc.a(libc_a-exit.o) (__stdio_exit_handler)
C:/MyProgramFiles/Engineering/Embedded/STM32CubeCLT-1.16.0/STM32CubeCLT_1.16.0/GNU-tools-for-STM32/bin/../lib/gcc/arm-none-eabi/12.3.1/../../../../arm-none-eabi/lib/thumb/v7e-m/nofp\libc.a(libc_a-fwalk.o)
                              C:/MyProgramFiles/Engineering/Embedded/STM32CubeCLT-1.16.0/STM32CubeCLT_1.16.0/GNU-tools-for-STM32/bin/../lib/gcc/arm-none-eabi/12.3.1/../../../../arm-none-eabi/lib/thumb/v7e-m/nofp\libc.a(libc_a-findfp.o) (_fwalk_sglue)
C:/MyProgramFiles/Engineering/Embedded/STM32CubeCLT-1.16.0/STM32CubeCLT_1.16.0/GNU-tools-for-STM32/bin/../lib/gcc/arm-none-eabi/12.3.1/../../../../arm-none-eabi/lib/thumb/v7e-m/nofp\libc.a(libc_a-stdio.o)
                              C:/MyProgramFiles/Engineering/Embedded/STM32CubeCLT-1.16.0/STM32CubeCLT_1.16.0/GNU-tools-for-STM32/bin/../lib/gcc/arm-none-eabi/12.3.1/../../../../arm-none-eabi/lib/thumb/v7e-m/nofp\libc.a(libc_a-findfp.o) (__sread)
C:/MyProgramFiles/Engineering/Embedded/STM32CubeCLT-1.16.0/STM32CubeCLT_1.16.0/GNU-tools-for-STM32/bin/../lib/gcc/arm-none-eabi/12.3.1/../../../../arm-none-eabi/lib/thumb/v7e-m/nofp\libc.a(libc_a-memset.o)
                              C:/MyProgramFiles/Engineering/Embedded/STM32CubeCLT-1.16.0/STM32CubeCLT_1.16.0/GNU-tools-for-STM32/bin/../lib/gcc/arm-none-eabi/12.3.1/../../../../arm-none-eabi/lib/thumb/v7e-m/nofp/crt0.o (memset)
[...]
Memory Configuration

Name             Origin             Length             Attributes
CCMRAM           0x10000000         0x00010000         xrw
RAM              0x20000000         0x00030000         xrw
FLASH            0x08000000         0x00200000         xr
*default*        0x00000000         0xffffffff

Linker script and memory map

LOAD C:/MyProgramFiles/Engineering/Embedded/STM32CubeCLT-1.16.0/STM32CubeCLT_1.16.0/GNU-tools-for-STM32/bin/../lib/gcc/arm-none-eabi/12.3.1/thumb/v7e-m/nofp/crti.o
LOAD C:/MyProgramFiles/Engineering/Embedded/STM32CubeCLT-1.16.0/STM32CubeCLT_1.16.0/GNU-tools-for-STM32/bin/../lib/gcc/arm-none-eabi/12.3.1/thumb/v7e-m/nofp/crtbegin.o
LOAD C:/MyProgramFiles/Engineering/Embedded/STM32CubeCLT-1.16.0/STM32CubeCLT_1.16.0/GNU-tools-for-STM32/bin/../lib/gcc/arm-none-eabi/12.3.1/../../../../arm-none-eabi/lib/thumb/v7e-m/nofp/crt0.o
LOAD CMakeFiles/STM32TwoBoardsCommunication.elf.dir/Core/Src/can.c.obj
LOAD CMakeFiles/STM32TwoBoardsCommunication.elf.dir/Core/Src/can_task.cpp.obj
LOAD CMakeFiles/STM32TwoBoardsCommunication.elf.dir/Core/Src/gpio.c.obj
LOAD CMakeFiles/STM32TwoBoardsCommunication.elf.dir/Core/Src/key_task.cpp.obj
LOAD CMakeFiles/STM32TwoBoardsCommunication.elf.dir/Core/Src/main.c.obj
LOAD CMakeFiles/STM32TwoBoardsCommunication.elf.dir/Core/Src/startup.cpp.obj
LOAD CMakeFiles/STM32TwoBoardsCommunication.elf.dir/Core/Src/stm32f4xx_hal_msp.c.obj
LOAD CMakeFiles/STM32TwoBoardsCommunication.elf.dir/Core/Src/stm32f4xx_it.c.obj
LOAD CMakeFiles/STM32TwoBoardsCommunication.elf.dir/Core/Src/syscalls.c.obj
LOAD CMakeFiles/STM32TwoBoardsCommunication.elf.dir/Core/Src/sysmem.c.obj
LOAD CMakeFiles/STM32TwoBoardsCommunication.elf.dir/Core/Src/system_stm32f4xx.c.obj
LOAD CMakeFiles/STM32TwoBoardsCommunication.elf.dir/Core/Startup/startup_stm32f427iihx.s.obj
LOAD CMakeFiles/STM32TwoBoardsCommunication.elf.dir/Drivers/STM32F4xx_HAL_Driver/Src/stm32f4xx_hal.c.obj
LOAD CMakeFiles/STM32TwoBoardsCommunication.elf.dir/Drivers/STM32F4xx_HAL_Driver/Src/stm32f4xx_hal_can.c.obj
LOAD CMakeFiles/STM32TwoBoardsCommunication.elf.dir/Drivers/STM32F4xx_HAL_Driver/Src/stm32f4xx_hal_cortex.c.obj
LOAD CMakeFiles/STM32TwoBoardsCommunication.elf.dir/Drivers/STM32F4xx_HAL_Driver/Src/stm32f4xx_hal_dma.c.obj
LOAD CMakeFiles/STM32TwoBoardsCommunication.elf.dir/Drivers/STM32F4xx_HAL_Driver/Src/stm32f4xx_hal_dma_ex.c.obj
LOAD CMakeFiles/STM32TwoBoardsCommunication.elf.dir/Drivers/STM32F4xx_HAL_Driver/Src/stm32f4xx_hal_exti.c.obj
LOAD CMakeFiles/STM32TwoBoardsCommunication.elf.dir/Drivers/STM32F4xx_HAL_Driver/Src/stm32f4xx_hal_flash.c.obj
LOAD CMakeFiles/STM32TwoBoardsCommunication.elf.dir/Drivers/STM32F4xx_HAL_Driver/Src/stm32f4xx_hal_flash_ex.c.obj
LOAD CMakeFiles/STM32TwoBoardsCommunication.elf.dir/Drivers/STM32F4xx_HAL_Driver/Src/stm32f4xx_hal_flash_ramfunc.c.obj
LOAD CMakeFiles/STM32TwoBoardsCommunication.elf.dir/Drivers/STM32F4xx_HAL_Driver/Src/stm32f4xx_hal_gpio.c.obj
LOAD CMakeFiles/STM32TwoBoardsCommunication.elf.dir/Drivers/STM32F4xx_HAL_Driver/Src/stm32f4xx_hal_pwr.c.obj
LOAD CMakeFiles/STM32TwoBoardsCommunication.elf.dir/Drivers/STM32F4xx_HAL_Driver/Src/stm32f4xx_hal_pwr_ex.c.obj
LOAD CMakeFiles/STM32TwoBoardsCommunication.elf.dir/Drivers/STM32F4xx_HAL_Driver/Src/stm32f4xx_hal_rcc.c.obj
LOAD CMakeFiles/STM32TwoBoardsCommunication.elf.dir/Drivers/STM32F4xx_HAL_Driver/Src/stm32f4xx_hal_rcc_ex.c.obj
LOAD CMakeFiles/STM32TwoBoardsCommunication.elf.dir/Drivers/STM32F4xx_HAL_Driver/Src/stm32f4xx_hal_tim.c.obj
LOAD CMakeFiles/STM32TwoBoardsCommunication.elf.dir/Drivers/STM32F4xx_HAL_Driver/Src/stm32f4xx_hal_tim_ex.c.obj
LOAD C:/MyProgramFiles/Engineering/Embedded/STM32CubeCLT-1.16.0/STM32CubeCLT_1.16.0/GNU-tools-for-STM32/bin/../lib/gcc/arm-none-eabi/12.3.1/../../../../arm-none-eabi/lib/thumb/v7e-m/nofp\libstdc++.a
LOAD C:/MyProgramFiles/Engineering/Embedded/STM32CubeCLT-1.16.0/STM32CubeCLT_1.16.0/GNU-tools-for-STM32/bin/../lib/gcc/arm-none-eabi/12.3.1/../../../../arm-none-eabi/lib/thumb/v7e-m/nofp\libm.a
START GROUP
LOAD C:/MyProgramFiles/Engineering/Embedded/STM32CubeCLT-1.16.0/STM32CubeCLT_1.16.0/GNU-tools-for-STM32/bin/../lib/gcc/arm-none-eabi/12.3.1/thumb/v7e-m/nofp\libgcc.a
LOAD C:/MyProgramFiles/Engineering/Embedded/STM32CubeCLT-1.16.0/STM32CubeCLT_1.16.0/GNU-tools-for-STM32/bin/../lib/gcc/arm-none-eabi/12.3.1/../../../../arm-none-eabi/lib/thumb/v7e-m/nofp\libc.a
END GROUP
LOAD C:/MyProgramFiles/Engineering/Embedded/STM32CubeCLT-1.16.0/STM32CubeCLT_1.16.0/GNU-tools-for-STM32/bin/../lib/gcc/arm-none-eabi/12.3.1/thumb/v7e-m/nofp/crtend.o
LOAD C:/MyProgramFiles/Engineering/Embedded/STM32CubeCLT-1.16.0/STM32CubeCLT_1.16.0/GNU-tools-for-STM32/bin/../lib/gcc/arm-none-eabi/12.3.1/thumb/v7e-m/nofp/crtn.o
                0x20030000                        _estack = (ORIGIN (RAM) + LENGTH (RAM))
                0x00000200                        _Min_Heap_Size = 0x200
                0x00000400                        _Min_Stack_Size = 0x400

.isr_vector     0x08000000      0x1ac
                0x08000000                        . = ALIGN (0x4)
 *(.isr_vector)
 .isr_vector    0x08000000      0x1ac CMakeFiles/STM32TwoBoardsCommunication.elf.dir/Core/Startup/startup_stm32f427iihx.s.obj
                0x08000000                g_pfnVectors
                0x080001ac                        . = ALIGN (0x4)

.text           0x080001ac     0x2924
                0x080001ac                        . = ALIGN (0x4)
 *(.text)
 .text          0x080001ac       0x40 C:/MyProgramFiles/Engineering/Embedded/STM32CubeCLT-1.16.0/STM32CubeCLT_1.16.0/GNU-tools-for-STM32/bin/../lib/gcc/arm-none-eabi/12.3.1/thumb/v7e-m/nofp/crtbegin.o
 .text          0x080001ec       0x30 C:/MyProgramFiles/Engineering/Embedded/STM32CubeCLT-1.16.0/STM32CubeCLT_1.16.0/GNU-tools-for-STM32/bin/../lib/gcc/arm-none-eabi/12.3.1/thumb/v7e-m/nofp\libgcc.a(_aeabi_uldivmod.o)
                0x080001ec                __aeabi_uldivmod
 .text          0x0800021c      0x2bc C:/MyProgramFiles/Engineering/Embedded/STM32CubeCLT-1.16.0/STM32CubeCLT_1.16.0/GNU-tools-for-STM32/bin/../lib/gcc/arm-none-eabi/12.3.1/thumb/v7e-m/nofp\libgcc.a(_udivmoddi4.o)
                0x0800021c                __udivmoddi4
 .text          0x080004d8      0x9f4 C:/MyProgramFiles/Engineering/Embedded/STM32CubeCLT-1.16.0/STM32CubeCLT_1.16.0/GNU-tools-for-STM32/bin/../lib/gcc/arm-none-eabi/12.3.1/thumb/v7e-m/nofp\libgcc.a(unwind-arm.o)
                0x08000788                _Unwind_GetCFA
                0x0800078c                __gnu_Unwind_RaiseException
                0x080007f4                __gnu_Unwind_ForcedUnwind
                0x08000804                __gnu_Unwind_Resume
                0x08000848                __gnu_Unwind_Resume_or_Rethrow
                0x08000858                _Unwind_Complete
                0x0800085c                _Unwind_DeleteException
                0x08000868                _Unwind_VRS_Get
                0x080008b4                _Unwind_VRS_Set
                0x080008fc                __gnu_Unwind_Backtrace
                0x08000c18                __aeabi_unwind_cpp_pr0
                0x08000c1c                __aeabi_unwind_cpp_pr1
                0x08000c20                __aeabi_unwind_cpp_pr2
                0x08000c24                _Unwind_VRS_Pop
 .text          0x08000ecc      0x1ac C:/MyProgramFiles/Engineering/Embedded/STM32CubeCLT-1.16.0/STM32CubeCLT_1.16.0/GNU-tools-for-STM32/bin/../lib/gcc/arm-none-eabi/12.3.1/thumb/v7e-m/nofp\libgcc.a(libunwind.o)
                0x08000ecc                __restore_core_regs
                0x08000ecc                restore_core_regs
                0x08000ee4                __gnu_Unwind_Restore_VFP
                0x08000eec                __gnu_Unwind_Save_VFP
                0x08000ef4                __gnu_Unwind_Restore_VFP_D
                0x08000efc                __gnu_Unwind_Save_VFP_D
                0x08000f04                __gnu_Unwind_Restore_VFP_D_16_to_31
                0x08000f0c                __gnu_Unwind_Save_VFP_D_16_to_31
                0x08000f14                __gnu_Unwind_Restore_WMMXD
                0x08000f58                __gnu_Unwind_Save_WMMXD
                0x08000f9c                __gnu_Unwind_Restore_WMMXC
                0x08000fb0                __gnu_Unwind_Save_WMMXC
                0x08000fc4                ___Unwind_RaiseException
                0x08000fc4                _Unwind_RaiseException
                0x08000fe8                _Unwind_Resume
                0x08000fe8                ___Unwind_Resume
                0x0800100c                _Unwind_Resume_or_Rethrow
                0x0800100c                ___Unwind_Resume_or_Rethrow
                0x08001030                _Unwind_ForcedUnwind
                0x08001030                ___Unwind_ForcedUnwind
                0x08001054                ___Unwind_Backtrace
                0x08001054                _Unwind_Backtrace
 .text          0x08001078      0x378 C:/MyProgramFiles/Engineering/Embedded/STM32CubeCLT-1.16.0/STM32CubeCLT_1.16.0/GNU-tools-for-STM32/bin/../lib/gcc/arm-none-eabi/12.3.1/thumb/v7e-m/nofp\libgcc.a(pr-support.o)
                0x080010d0                __gnu_unwind_execute
                0x080013a4                __gnu_unwind_frame
                0x080013d0                _Unwind_GetRegionStart
                0x080013dc                _Unwind_GetLanguageSpecificData
 .text          0x080013f0        0x4 C:/MyProgramFiles/Engineering/Embedded/STM32CubeCLT-1.16.0/STM32CubeCLT_1.16.0/GNU-tools-for-STM32/bin/../lib/gcc/arm-none-eabi/12.3.1/thumb/v7e-m/nofp\libgcc.a(_dvmd_tls.o)
                0x080013f0                __aeabi_idiv0
                0x080013f0                __aeabi_ldiv0
 *(.text*)
 .text.MX_CAN1_Init
                0x080013f4       0x44 CMakeFiles/STM32TwoBoardsCommunication.elf.dir/Core/Src/can.c.obj
                0x080013f4                MX_CAN1_Init
 .text.HAL_CAN_MspInit
                0x08001438       0xb0 CMakeFiles/STM32TwoBoardsCommunication.elf.dir/Core/Src/can.c.obj
                0x08001438                HAL_CAN_MspInit
 .text._Z11canTaskInitv
                0x080014e8       0x34 CMakeFiles/STM32TwoBoardsCommunication.elf.dir/Core/Src/can_task.cpp.obj
                0x080014e8                canTaskInit()
 .text.HAL_CAN_RxFifo0MsgPendingCallback
                0x0800151c       0x20 CMakeFiles/STM32TwoBoardsCommunication.elf.dir/Core/Src/can_task.cpp.obj
                0x0800151c                HAL_CAN_RxFifo0MsgPendingCallback
 .text._Z13canSendSignalv
                0x0800153c       0x20 CMakeFiles/STM32TwoBoardsCommunication.elf.dir/Core/Src/can_task.cpp.obj
                0x0800153c                canSendSignal()
 .text.MX_GPIO_Init
                0x0800155c       0xbc CMakeFiles/STM32TwoBoardsCommunication.elf.dir/Core/Src/gpio.c.obj
                0x0800155c                MX_GPIO_Init
 .text.HAL_GPIO_EXTI_Callback
                0x08001618        0xe CMakeFiles/STM32TwoBoardsCommunication.elf.dir/Core/Src/key_task.cpp.obj
                0x08001618                HAL_GPIO_EXTI_Callback
 .text.Error_Handler
                0x08001626        0x4 CMakeFiles/STM32TwoBoardsCommunication.elf.dir/Core/Src/main.c.obj
                0x08001626                Error_Handler
 *fill*         0x0800162a        0x2 
 .text.SystemClock_Config
                0x0800162c       0xb4 CMakeFiles/STM32TwoBoardsCommunication.elf.dir/Core/Src/main.c.obj
                0x0800162c                SystemClock_Config
 .text.main     0x080016e0       0x18 CMakeFiles/STM32TwoBoardsCommunication.elf.dir/Core/Src/main.c.obj
                0x080016e0                main
 .text.startup  0x080016f8        0x8 CMakeFiles/STM32TwoBoardsCommunication.elf.dir/Core/Src/startup.cpp.obj
                0x080016f8                startup
 .text.HAL_MspInit
                0x08001700       0x38 CMakeFiles/STM32TwoBoardsCommunication.elf.dir/Core/Src/stm32f4xx_hal_msp.c.obj
                0x08001700                HAL_MspInit
 .text.NMI_Handler
                0x08001738        0x2 CMakeFiles/STM32TwoBoardsCommunication.elf.dir/Core/Src/stm32f4xx_it.c.obj
                0x08001738                NMI_Handler
 .text.HardFault_Handler
                0x0800173a        0x2 CMakeFiles/STM32TwoBoardsCommunication.elf.dir/Core/Src/stm32f4xx_it.c.obj
                0x0800173a                HardFault_Handler
 .text.MemManage_Handler
                0x0800173c        0x2 CMakeFiles/STM32TwoBoardsCommunication.elf.dir/Core/Src/stm32f4xx_it.c.obj
                0x0800173c                MemManage_Handler
 .text.BusFault_Handler
                0x0800173e        0x2 CMakeFiles/STM32TwoBoardsCommunication.elf.dir/Core/Src/stm32f4xx_it.c.obj
                0x0800173e                BusFault_Handler
 .text.UsageFault_Handler
                0x08001740        0x2 CMakeFiles/STM32TwoBoardsCommunication.elf.dir/Core/Src/stm32f4xx_it.c.obj
                0x08001740                UsageFault_Handler
 .text.SVC_Handler
                0x08001742        0x2 CMakeFiles/STM32TwoBoardsCommunication.elf.dir/Core/Src/stm32f4xx_it.c.obj
                0x08001742                SVC_Handler
 .text.DebugMon_Handler
                0x08001744        0x2 CMakeFiles/STM32TwoBoardsCommunication.elf.dir/Core/Src/stm32f4xx_it.c.obj
                0x08001744                DebugMon_Handler
 .text.PendSV_Handler
                0x08001746        0x2 CMakeFiles/STM32TwoBoardsCommunication.elf.dir/Core/Src/stm32f4xx_it.c.obj
                0x08001746                PendSV_Handler
 .text.SysTick_Handler
                0x08001748        0x8 CMakeFiles/STM32TwoBoardsCommunication.elf.dir/Core/Src/stm32f4xx_it.c.obj
                0x08001748                SysTick_Handler
 .text.EXTI2_IRQHandler
                0x08001750        0xa CMakeFiles/STM32TwoBoardsCommunication.elf.dir/Core/Src/stm32f4xx_it.c.obj
                0x08001750                EXTI2_IRQHandler
 *fill*         0x0800175a        0x2 
 .text.CAN1_TX_IRQHandler
                0x0800175c       0x10 CMakeFiles/STM32TwoBoardsCommunication.elf.dir/Core/Src/stm32f4xx_it.c.obj
                0x0800175c                CAN1_TX_IRQHandler
 .text.CAN1_RX0_IRQHandler
                0x0800176c       0x10 CMakeFiles/STM32TwoBoardsCommunication.elf.dir/Core/Src/stm32f4xx_it.c.obj
                0x0800176c                CAN1_RX0_IRQHandler
 .text.CAN1_RX1_IRQHandler
                0x0800177c       0x10 CMakeFiles/STM32TwoBoardsCommunication.elf.dir/Core/Src/stm32f4xx_it.c.obj
                0x0800177c                CAN1_RX1_IRQHandler
 .text.CAN1_SCE_IRQHandler
                0x0800178c       0x10 CMakeFiles/STM32TwoBoardsCommunication.elf.dir/Core/Src/stm32f4xx_it.c.obj
                0x0800178c                CAN1_SCE_IRQHandler
 .text._getpid  0x0800179c        0x4 CMakeFiles/STM32TwoBoardsCommunication.elf.dir/Core/Src/syscalls.c.obj
                0x0800179c                _getpid
 .text._kill    0x080017a0       0x10 CMakeFiles/STM32TwoBoardsCommunication.elf.dir/Core/Src/syscalls.c.obj
                0x080017a0                _kill
 .text._exit    0x080017b0        0xc CMakeFiles/STM32TwoBoardsCommunication.elf.dir/Core/Src/syscalls.c.obj
                0x080017b0                _exit
 .text.SystemInit
                0x080017bc        0x2 CMakeFiles/STM32TwoBoardsCommunication.elf.dir/Core/Src/system_stm32f4xx.c.obj
                0x080017bc                SystemInit
 *fill*         0x080017be        0x2 
 .text.Reset_Handler
                0x080017c0       0x50 CMakeFiles/STM32TwoBoardsCommunication.elf.dir/Core/Startup/startup_stm32f427iihx.s.obj
                0x080017c0                Reset_Handler
 .text.Default_Handler
                0x08001810        0x2 CMakeFiles/STM32TwoBoardsCommunication.elf.dir/Core/Startup/startup_stm32f427iihx.s.obj
                0x08001810                RTC_Alarm_IRQHandler
                0x08001810                HASH_RNG_IRQHandler
                0x08001810                TIM8_CC_IRQHandler
                0x08001810                UART8_IRQHandler
                0x08001810                SPI4_IRQHandler
                0x08001810                TIM1_CC_IRQHandler
                0x08001810                DMA2_Stream5_IRQHandler
                0x08001810                DMA1_Stream5_IRQHandler
                0x08001810                PVD_IRQHandler
                0x08001810                SDIO_IRQHandler
                0x08001810                TAMP_STAMP_IRQHandler
                0x08001810                CAN2_RX1_IRQHandler
                0x08001810                EXTI3_IRQHandler
                0x08001810                TIM8_TRG_COM_TIM14_IRQHandler
                0x08001810                TIM1_UP_TIM10_IRQHandler
                0x08001810                TIM8_UP_TIM13_IRQHandler
                0x08001810                I2C3_ER_IRQHandler
                0x08001810                EXTI0_IRQHandler
                0x08001810                I2C2_EV_IRQHandler
                0x08001810                DMA1_Stream2_IRQHandler
                0x08001810                FPU_IRQHandler
                0x08001810                OTG_HS_WKUP_IRQHandler
                0x08001810                CAN2_SCE_IRQHandler
                0x08001810                DMA2_Stream2_IRQHandler
                0x08001810                SPI1_IRQHandler
                0x08001810                TIM6_DAC_IRQHandler
                0x08001810                TIM1_BRK_TIM9_IRQHandler
                0x08001810                DCMI_IRQHandler
                0x08001810                CAN2_RX0_IRQHandler
                0x08001810                DMA2_Stream3_IRQHandler
                0x08001810                USART6_IRQHandler
                0x08001810                USART3_IRQHandler
                0x08001810                UART5_IRQHandler
                0x08001810                DMA2_Stream0_IRQHandler
                0x08001810                TIM4_IRQHandler
                0x08001810                I2C1_EV_IRQHandler
                0x08001810                DMA1_Stream6_IRQHandler
                0x08001810                DMA1_Stream1_IRQHandler
                0x08001810                UART4_IRQHandler
                0x08001810                TIM3_IRQHandler
                0x08001810                RCC_IRQHandler
                0x08001810                TIM8_BRK_TIM12_IRQHandler
                0x08001810                Default_Handler
                0x08001810                EXTI15_10_IRQHandler
                0x08001810                ADC_IRQHandler
                0x08001810                DMA1_Stream7_IRQHandler
                0x08001810                SPI5_IRQHandler
                0x08001810                TIM7_IRQHandler
                0x08001810                CAN2_TX_IRQHandler
                0x08001810                TIM5_IRQHandler
                0x08001810                DMA2_Stream7_IRQHandler
                0x08001810                I2C3_EV_IRQHandler
                0x08001810                EXTI9_5_IRQHandler
                0x08001810                RTC_WKUP_IRQHandler
                0x08001810                ETH_WKUP_IRQHandler
                0x08001810                SPI2_IRQHandler
                0x08001810                OTG_HS_EP1_IN_IRQHandler
                0x08001810                DMA1_Stream0_IRQHandler
                0x08001810                EXTI4_IRQHandler
                0x08001810                ETH_IRQHandler
                0x08001810                OTG_HS_EP1_OUT_IRQHandler
                0x08001810                WWDG_IRQHandler
                0x08001810                SPI6_IRQHandler
                0x08001810                TIM2_IRQHandler
                0x08001810                OTG_FS_WKUP_IRQHandler
                0x08001810                TIM1_TRG_COM_TIM11_IRQHandler
                0x08001810                OTG_HS_IRQHandler
                0x08001810                DMA2D_IRQHandler
                0x08001810                EXTI1_IRQHandler
                0x08001810                UART7_IRQHandler
                0x08001810                USART2_IRQHandler
                0x08001810                I2C2_ER_IRQHandler
                0x08001810                DMA2_Stream1_IRQHandler
                0x08001810                FLASH_IRQHandler
                0x08001810                DMA2_Stream4_IRQHandler
                0x08001810                USART1_IRQHandler
                0x08001810                OTG_FS_IRQHandler
                0x08001810                SPI3_IRQHandler
                0x08001810                DMA1_Stream4_IRQHandler
                0x08001810                I2C1_ER_IRQHandler
                0x08001810                FMC_IRQHandler
                0x08001810                DMA2_Stream6_IRQHandler
                0x08001810                SAI1_IRQHandler
                0x08001810                DMA1_Stream3_IRQHandler
 *fill*         0x08001812        0x2 
 .text.HAL_InitTick
                0x08001814       0x4c CMakeFiles/STM32TwoBoardsCommunication.elf.dir/Drivers/STM32F4xx_HAL_Driver/Src/stm32f4xx_hal.c.obj
                0x08001814                HAL_InitTick
 .text.HAL_Init
                0x08001860       0x34 CMakeFiles/STM32TwoBoardsCommunication.elf.dir/Drivers/STM32F4xx_HAL_Driver/Src/stm32f4xx_hal.c.obj
                0x08001860                HAL_Init
 .text.HAL_IncTick
                0x08001894       0x18 CMakeFiles/STM32TwoBoardsCommunication.elf.dir/Drivers/STM32F4xx_HAL_Driver/Src/stm32f4xx_hal.c.obj
                0x08001894                HAL_IncTick
 .text.HAL_GetTick
                0x080018ac        0xc CMakeFiles/STM32TwoBoardsCommunication.elf.dir/Drivers/STM32F4xx_HAL_Driver/Src/stm32f4xx_hal.c.obj
                0x080018ac                HAL_GetTick
 .text.HAL_CAN_Init
                0x080018b8      0x14c CMakeFiles/STM32TwoBoardsCommunication.elf.dir/Drivers/STM32F4xx_HAL_Driver/Src/stm32f4xx_hal_can.c.obj
                0x080018b8                HAL_CAN_Init
 .text.HAL_CAN_ConfigFilter
                0x08001a04      0x13c CMakeFiles/STM32TwoBoardsCommunication.elf.dir/Drivers/STM32F4xx_HAL_Driver/Src/stm32f4xx_hal_can.c.obj
                0x08001a04                HAL_CAN_ConfigFilter
 .text.HAL_CAN_Start
                0x08001b40       0x5c CMakeFiles/STM32TwoBoardsCommunication.elf.dir/Drivers/STM32F4xx_HAL_Driver/Src/stm32f4xx_hal_can.c.obj
                0x08001b40                HAL_CAN_Start
 .text.HAL_CAN_AddTxMessage
                0x08001b9c       0xfc CMakeFiles/STM32TwoBoardsCommunication.elf.dir/Drivers/STM32F4xx_HAL_Driver/Src/stm32f4xx_hal_can.c.obj
                0x08001b9c                HAL_CAN_AddTxMessage
 .text.HAL_CAN_ActivateNotification
                0x08001c98       0x24 CMakeFiles/STM32TwoBoardsCommunication.elf.dir/Drivers/STM32F4xx_HAL_Driver/Src/stm32f4xx_hal_can.c.obj
                0x08001c98                HAL_CAN_ActivateNotification
 .text.HAL_CAN_TxMailbox0CompleteCallback
                0x08001cbc        0x2 CMakeFiles/STM32TwoBoardsCommunication.elf.dir/Drivers/STM32F4xx_HAL_Driver/Src/stm32f4xx_hal_can.c.obj
                0x08001cbc                HAL_CAN_TxMailbox0CompleteCallback
 .text.HAL_CAN_TxMailbox1CompleteCallback
                0x08001cbe        0x2 CMakeFiles/STM32TwoBoardsCommunication.elf.dir/Drivers/STM32F4xx_HAL_Driver/Src/stm32f4xx_hal_can.c.obj
                0x08001cbe                HAL_CAN_TxMailbox1CompleteCallback
 .text.HAL_CAN_TxMailbox2CompleteCallback
                0x08001cc0        0x2 CMakeFiles/STM32TwoBoardsCommunication.elf.dir/Drivers/STM32F4xx_HAL_Driver/Src/stm32f4xx_hal_can.c.obj
                0x08001cc0                HAL_CAN_TxMailbox2CompleteCallback
 .text.HAL_CAN_TxMailbox0AbortCallback
                0x08001cc2        0x2 CMakeFiles/STM32TwoBoardsCommunication.elf.dir/Drivers/STM32F4xx_HAL_Driver/Src/stm32f4xx_hal_can.c.obj
                0x08001cc2                HAL_CAN_TxMailbox0AbortCallback
 .text.HAL_CAN_TxMailbox1AbortCallback
                0x08001cc4        0x2 CMakeFiles/STM32TwoBoardsCommunication.elf.dir/Drivers/STM32F4xx_HAL_Driver/Src/stm32f4xx_hal_can.c.obj
                0x08001cc4                HAL_CAN_TxMailbox1AbortCallback
 .text.HAL_CAN_TxMailbox2AbortCallback
                0x08001cc6        0x2 CMakeFiles/STM32TwoBoardsCommunication.elf.dir/Drivers/STM32F4xx_HAL_Driver/Src/stm32f4xx_hal_can.c.obj
                0x08001cc6                HAL_CAN_TxMailbox2AbortCallback
 .text.HAL_CAN_RxFifo0FullCallback
                0x08001cc8        0x2 CMakeFiles/STM32TwoBoardsCommunication.elf.dir/Drivers/STM32F4xx_HAL_Driver/Src/stm32f4xx_hal_can.c.obj
                0x08001cc8                HAL_CAN_RxFifo0FullCallback
 .text.HAL_CAN_RxFifo1MsgPendingCallback
                0x08001cca        0x2 CMakeFiles/STM32TwoBoardsCommunication.elf.dir/Drivers/STM32F4xx_HAL_Driver/Src/stm32f4xx_hal_can.c.obj
                0x08001cca                HAL_CAN_RxFifo1MsgPendingCallback
 .text.HAL_CAN_RxFifo1FullCallback
                0x08001ccc        0x2 CMakeFiles/STM32TwoBoardsCommunication.elf.dir/Drivers/STM32F4xx_HAL_Driver/Src/stm32f4xx_hal_can.c.obj
                0x08001ccc                HAL_CAN_RxFifo1FullCallback
 .text.HAL_CAN_SleepCallback
                0x08001cce        0x2 CMakeFiles/STM32TwoBoardsCommunication.elf.dir/Drivers/STM32F4xx_HAL_Driver/Src/stm32f4xx_hal_can.c.obj
                0x08001cce                HAL_CAN_SleepCallback
 .text.HAL_CAN_WakeUpFromRxMsgCallback
                0x08001cd0        0x2 CMakeFiles/STM32TwoBoardsCommunication.elf.dir/Drivers/STM32F4xx_HAL_Driver/Src/stm32f4xx_hal_can.c.obj
                0x08001cd0                HAL_CAN_WakeUpFromRxMsgCallback
 .text.HAL_CAN_ErrorCallback
                0x08001cd2        0x2 CMakeFiles/STM32TwoBoardsCommunication.elf.dir/Drivers/STM32F4xx_HAL_Driver/Src/stm32f4xx_hal_can.c.obj
                0x08001cd2                HAL_CAN_ErrorCallback
 .text.HAL_CAN_IRQHandler
                0x08001cd4      0x24a CMakeFiles/STM32TwoBoardsCommunication.elf.dir/Drivers/STM32F4xx_HAL_Driver/Src/stm32f4xx_hal_can.c.obj
                0x08001cd4                HAL_CAN_IRQHandler
 *fill*         0x08001f1e        0x2 
 .text.__NVIC_SetPriority
                0x08001f20       0x28 CMakeFiles/STM32TwoBoardsCommunication.elf.dir/Drivers/STM32F4xx_HAL_Driver/Src/stm32f4xx_hal_cortex.c.obj
 .text.NVIC_EncodePriority
                0x08001f48       0x3e CMakeFiles/STM32TwoBoardsCommunication.elf.dir/Drivers/STM32F4xx_HAL_Driver/Src/stm32f4xx_hal_cortex.c.obj
 *fill*         0x08001f86        0x2 
 .text.HAL_NVIC_SetPriorityGrouping
                0x08001f88       0x24 CMakeFiles/STM32TwoBoardsCommunication.elf.dir/Drivers/STM32F4xx_HAL_Driver/Src/stm32f4xx_hal_cortex.c.obj
                0x08001f88                HAL_NVIC_SetPriorityGrouping
 .text.HAL_NVIC_SetPriority
                0x08001fac       0x20 CMakeFiles/STM32TwoBoardsCommunication.elf.dir/Drivers/STM32F4xx_HAL_Driver/Src/stm32f4xx_hal_cortex.c.obj
                0x08001fac                HAL_NVIC_SetPriority
 .text.HAL_NVIC_EnableIRQ
                0x08001fcc       0x1c CMakeFiles/STM32TwoBoardsCommunication.elf.dir/Drivers/STM32F4xx_HAL_Driver/Src/stm32f4xx_hal_cortex.c.obj
                0x08001fcc                HAL_NVIC_EnableIRQ
 .text.HAL_SYSTICK_Config
                0x08001fe8       0x28 CMakeFiles/STM32TwoBoardsCommunication.elf.dir/Drivers/STM32F4xx_HAL_Driver/Src/stm32f4xx_hal_cortex.c.obj
                0x08001fe8                HAL_SYSTICK_Config
 .text.HAL_GPIO_Init
                0x08002010      0x20c CMakeFiles/STM32TwoBoardsCommunication.elf.dir/Drivers/STM32F4xx_HAL_Driver/Src/stm32f4xx_hal_gpio.c.obj
                0x08002010                HAL_GPIO_Init
 .text.HAL_GPIO_WritePin
                0x0800221c        0xc CMakeFiles/STM32TwoBoardsCommunication.elf.dir/Drivers/STM32F4xx_HAL_Driver/Src/stm32f4xx_hal_gpio.c.obj
                0x0800221c                HAL_GPIO_WritePin
 .text.HAL_GPIO_TogglePin
                0x08002228       0x12 CMakeFiles/STM32TwoBoardsCommunication.elf.dir/Drivers/STM32F4xx_HAL_Driver/Src/stm32f4xx_hal_gpio.c.obj
                0x08002228                HAL_GPIO_TogglePin
 *fill*         0x0800223a        0x2 
 .text.HAL_GPIO_EXTI_IRQHandler
                0x0800223c       0x1c CMakeFiles/STM32TwoBoardsCommunication.elf.dir/Drivers/STM32F4xx_HAL_Driver/Src/stm32f4xx_hal_gpio.c.obj
                0x0800223c                HAL_GPIO_EXTI_IRQHandler
 .text.HAL_PWREx_EnableOverDrive
                0x08002258       0x7c CMakeFiles/STM32TwoBoardsCommunication.elf.dir/Drivers/STM32F4xx_HAL_Driver/Src/stm32f4xx_hal_pwr_ex.c.obj
                0x08002258                HAL_PWREx_EnableOverDrive
 .text.HAL_RCC_OscConfig
                0x080022d4      0x3f8 CMakeFiles/STM32TwoBoardsCommunication.elf.dir/Drivers/STM32F4xx_HAL_Driver/Src/stm32f4xx_hal_rcc.c.obj
                0x080022d4                HAL_RCC_OscConfig
 .text.HAL_RCC_GetSysClockFreq
                0x080026cc       0xa8 CMakeFiles/STM32TwoBoardsCommunication.elf.dir/Drivers/STM32F4xx_HAL_Driver/Src/stm32f4xx_hal_rcc.c.obj
                0x080026cc                HAL_RCC_GetSysClockFreq
 .text.HAL_RCC_ClockConfig
                0x08002774      0x160 CMakeFiles/STM32TwoBoardsCommunication.elf.dir/Drivers/STM32F4xx_HAL_Driver/Src/stm32f4xx_hal_rcc.c.obj
                0x08002774                HAL_RCC_ClockConfig
 .text.abort    0x080028d4        0xe C:/MyProgramFiles/Engineering/Embedded/STM32CubeCLT-1.16.0/STM32CubeCLT_1.16.0/GNU-tools-for-STM32/bin/../lib/gcc/arm-none-eabi/12.3.1/../../../../arm-none-eabi/lib/thumb/v7e-m/nofp\libc.a(libc_a-abort.o)
                0x080028d4                abort
 .text.memset   0x080028e2       0x10 C:/MyProgramFiles/Engineering/Embedded/STM32CubeCLT-1.16.0/STM32CubeCLT_1.16.0/GNU-tools-for-STM32/bin/../lib/gcc/arm-none-eabi/12.3.1/../../../../arm-none-eabi/lib/thumb/v7e-m/nofp\libc.a(libc_a-memset.o)
                0x080028e2                memset
 .text._raise_r
                0x080028f2       0x52 C:/MyProgramFiles/Engineering/Embedded/STM32CubeCLT-1.16.0/STM32CubeCLT_1.16.0/GNU-tools-for-STM32/bin/../lib/gcc/arm-none-eabi/12.3.1/../../../../arm-none-eabi/lib/thumb/v7e-m/nofp\libc.a(libc_a-signal.o)
                0x080028f2                _raise_r
 .text.raise    0x08002944       0x10 C:/MyProgramFiles/Engineering/Embedded/STM32CubeCLT-1.16.0/STM32CubeCLT_1.16.0/GNU-tools-for-STM32/bin/../lib/gcc/arm-none-eabi/12.3.1/../../../../arm-none-eabi/lib/thumb/v7e-m/nofp\libc.a(libc_a-signal.o)
                0x08002944                raise
 .text._kill_r  0x08002954       0x24 C:/MyProgramFiles/Engineering/Embedded/STM32CubeCLT-1.16.0/STM32CubeCLT_1.16.0/GNU-tools-for-STM32/bin/../lib/gcc/arm-none-eabi/12.3.1/../../../../arm-none-eabi/lib/thumb/v7e-m/nofp\libc.a(libc_a-signalr.o)
                0x08002954                _kill_r
 .text._getpid_r
                0x08002978        0x4 C:/MyProgramFiles/Engineering/Embedded/STM32CubeCLT-1.16.0/STM32CubeCLT_1.16.0/GNU-tools-for-STM32/bin/../lib/gcc/arm-none-eabi/12.3.1/../../../../arm-none-eabi/lib/thumb/v7e-m/nofp\libc.a(libc_a-signalr.o)
                0x08002978                _getpid_r
 .text.__errno  0x0800297c        0xc C:/MyProgramFiles/Engineering/Embedded/STM32CubeCLT-1.16.0/STM32CubeCLT_1.16.0/GNU-tools-for-STM32/bin/../lib/gcc/arm-none-eabi/12.3.1/../../../../arm-none-eabi/lib/thumb/v7e-m/nofp\libc.a(libc_a-errno.o)
                0x0800297c                __errno
 .text.__libc_init_array
                0x08002988       0x48 C:/MyProgramFiles/Engineering/Embedded/STM32CubeCLT-1.16.0/STM32CubeCLT_1.16.0/GNU-tools-for-STM32/bin/../lib/gcc/arm-none-eabi/12.3.1/../../../../arm-none-eabi/lib/thumb/v7e-m/nofp\libc.a(libc_a-init.o)
                0x08002988                __libc_init_array
 .text.__retarget_lock_acquire_recursive
                0x080029d0        0x2 C:/MyProgramFiles/Engineering/Embedded/STM32CubeCLT-1.16.0/STM32CubeCLT_1.16.0/GNU-tools-for-STM32/bin/../lib/gcc/arm-none-eabi/12.3.1/../../../../arm-none-eabi/lib/thumb/v7e-m/nofp\libc.a(libc_a-lock.o)
                0x080029d0                __retarget_lock_acquire_recursive
 .text.__retarget_lock_release_recursive
                0x080029d2        0x2 C:/MyProgramFiles/Engineering/Embedded/STM32CubeCLT-1.16.0/STM32CubeCLT_1.16.0/GNU-tools-for-STM32/bin/../lib/gcc/arm-none-eabi/12.3.1/../../../../arm-none-eabi/lib/thumb/v7e-m/nofp\libc.a(libc_a-lock.o)
                0x080029d2                __retarget_lock_release_recursive
 .text.memcpy   0x080029d4       0x1c C:/MyProgramFiles/Engineering/Embedded/STM32CubeCLT-1.16.0/STM32CubeCLT_1.16.0/GNU-tools-for-STM32/bin/../lib/gcc/arm-none-eabi/12.3.1/../../../../arm-none-eabi/lib/thumb/v7e-m/nofp\libc.a(libc_a-memcpy-stub.o)
                0x080029d4                memcpy
 .text.startup.register_fini
                0x080029f0       0x14 C:/MyProgramFiles/Engineering/Embedded/STM32CubeCLT-1.16.0/STM32CubeCLT_1.16.0/GNU-tools-for-STM32/bin/../lib/gcc/arm-none-eabi/12.3.1/../../../../arm-none-eabi/lib/thumb/v7e-m/nofp\libc.a(libc_a-__call_atexit.o)
 .text.atexit   0x08002a04        0xc C:/MyProgramFiles/Engineering/Embedded/STM32CubeCLT-1.16.0/STM32CubeCLT_1.16.0/GNU-tools-for-STM32/bin/../lib/gcc/arm-none-eabi/12.3.1/../../../../arm-none-eabi/lib/thumb/v7e-m/nofp\libc.a(libc_a-atexit.o)
                0x08002a04                atexit
 .text.__libc_fini_array
                0x08002a10       0x28 C:/MyProgramFiles/Engineering/Embedded/STM32CubeCLT-1.16.0/STM32CubeCLT_1.16.0/GNU-tools-for-STM32/bin/../lib/gcc/arm-none-eabi/12.3.1/../../../../arm-none-eabi/lib/thumb/v7e-m/nofp\libc.a(libc_a-fini.o)
                0x08002a10                __libc_fini_array
 .text.__register_exitproc
                0x08002a38       0x80 C:/MyProgramFiles/Engineering/Embedded/STM32CubeCLT-1.16.0/STM32CubeCLT_1.16.0/GNU-tools-for-STM32/bin/../lib/gcc/arm-none-eabi/12.3.1/../../../../arm-none-eabi/lib/thumb/v7e-m/nofp\libc.a(libc_a-__atexit.o)
                0x08002a38                __register_exitproc
 *(.glue_7)
 .glue_7        0x08002ab8        0x0 linker stubs
 *(.glue_7t)
 .glue_7t       0x08002ab8        0x0 linker stubs
 *(.eh_frame)
 .eh_frame      0x08002ab8        0x0 C:/MyProgramFiles/Engineering/Embedded/STM32CubeCLT-1.16.0/STM32CubeCLT_1.16.0/GNU-tools-for-STM32/bin/../lib/gcc/arm-none-eabi/12.3.1/thumb/v7e-m/nofp/crtbegin.o
 *(.init)
 .init          0x08002ab8        0x4 C:/MyProgramFiles/Engineering/Embedded/STM32CubeCLT-1.16.0/STM32CubeCLT_1.16.0/GNU-tools-for-STM32/bin/../lib/gcc/arm-none-eabi/12.3.1/thumb/v7e-m/nofp/crti.o
                0x08002ab8                _init
 .init          0x08002abc        0x8 C:/MyProgramFiles/Engineering/Embedded/STM32CubeCLT-1.16.0/STM32CubeCLT_1.16.0/GNU-tools-for-STM32/bin/../lib/gcc/arm-none-eabi/12.3.1/thumb/v7e-m/nofp/crtn.o
 *(.fini)
 .fini          0x08002ac4        0x4 C:/MyProgramFiles/Engineering/Embedded/STM32CubeCLT-1.16.0/STM32CubeCLT_1.16.0/GNU-tools-for-STM32/bin/../lib/gcc/arm-none-eabi/12.3.1/thumb/v7e-m/nofp/crti.o
                0x08002ac4                _fini
 .fini          0x08002ac8        0x8 C:/MyProgramFiles/Engineering/Embedded/STM32CubeCLT-1.16.0/STM32CubeCLT_1.16.0/GNU-tools-for-STM32/bin/../lib/gcc/arm-none-eabi/12.3.1/thumb/v7e-m/nofp/crtn.o
                0x08002ad0                        . = ALIGN (0x4)
                0x08002ad0                        _etext = .

.vfp11_veneer   0x08002ad0        0x0
 .vfp11_veneer  0x08002ad0        0x0 linker stubs

.v4_bx          0x08002ad0        0x0
 .v4_bx         0x08002ad0        0x0 linker stubs

.iplt           0x08002ad0        0x0
 .iplt          0x08002ad0        0x0 C:/MyProgramFiles/Engineering/Embedded/STM32CubeCLT-1.16.0/STM32CubeCLT_1.16.0/GNU-tools-for-STM32/bin/../lib/gcc/arm-none-eabi/12.3.1/thumb/v7e-m/nofp/crtbegin.o

.rodata         0x08002ad0       0x10
                0x08002ad0                        . = ALIGN (0x4)
 *(.rodata)
 *(.rodata*)
 .rodata.AHBPrescTable
                0x08002ad0       0x10 CMakeFiles/STM32TwoBoardsCommunication.elf.dir/Core/Src/system_stm32f4xx.c.obj
                0x08002ad0                AHBPrescTable
                0x08002ae0                        . = ALIGN (0x4)

.ARM.extab      0x08002ae0       0x48
                0x08002ae0                        . = ALIGN (0x4)
 *(.ARM.extab* .gnu.linkonce.armextab.*)
 .ARM.extab.text.HAL_CAN_RxFifo0MsgPendingCallback
                0x08002ae0        0xc CMakeFiles/STM32TwoBoardsCommunication.elf.dir/Core/Src/can_task.cpp.obj
 .ARM.extab.text._Z13canSendSignalv
                0x08002aec        0xc CMakeFiles/STM32TwoBoardsCommunication.elf.dir/Core/Src/can_task.cpp.obj
 .ARM.extab.text.HAL_GPIO_EXTI_Callback
                0x08002af8        0xc CMakeFiles/STM32TwoBoardsCommunication.elf.dir/Core/Src/key_task.cpp.obj
 .ARM.extab.text.startup
                0x08002b04        0xc CMakeFiles/STM32TwoBoardsCommunication.elf.dir/Core/Src/startup.cpp.obj
 .ARM.extab     0x08002b10       0x18 C:/MyProgramFiles/Engineering/Embedded/STM32CubeCLT-1.16.0/STM32CubeCLT_1.16.0/GNU-tools-for-STM32/bin/../lib/gcc/arm-none-eabi/12.3.1/thumb/v7e-m/nofp\libgcc.a(pr-support.o)
                0x08002b28                        . = ALIGN (0x4)

.ARM            0x08002b28       0xf8
                0x08002b28                        . = ALIGN (0x4)
                0x08002b28                        __exidx_start = .
 *(.ARM.exidx*)
 .ARM.exidx     0x08002b28        0x8 C:/MyProgramFiles/Engineering/Embedded/STM32CubeCLT-1.16.0/STM32CubeCLT_1.16.0/GNU-tools-for-STM32/bin/../lib/gcc/arm-none-eabi/12.3.1/thumb/v7e-m/nofp\libgcc.a(_udivmoddi4.o)
 .ARM.exidx     0x08002b30       0x78 C:/MyProgramFiles/Engineering/Embedded/STM32CubeCLT-1.16.0/STM32CubeCLT_1.16.0/GNU-tools-for-STM32/bin/../lib/gcc/arm-none-eabi/12.3.1/thumb/v7e-m/nofp\libgcc.a(unwind-arm.o)
                                 0xd8 (size before relaxing)
 .ARM.exidx     0x08002ba8       0x38 C:/MyProgramFiles/Engineering/Embedded/STM32CubeCLT-1.16.0/STM32CubeCLT_1.16.0/GNU-tools-for-STM32/bin/../lib/gcc/arm-none-eabi/12.3.1/thumb/v7e-m/nofp\libgcc.a(pr-support.o)
 .ARM.exidx.text._Z11canTaskInitv
                0x08002be0        0x8 CMakeFiles/STM32TwoBoardsCommunication.elf.dir/Core/Src/can_task.cpp.obj
 .ARM.exidx.text.HAL_CAN_RxFifo0MsgPendingCallback
                0x08002be8        0x8 CMakeFiles/STM32TwoBoardsCommunication.elf.dir/Core/Src/can_task.cpp.obj
 .ARM.exidx.text._Z13canSendSignalv
                0x08002bf0       0x10 CMakeFiles/STM32TwoBoardsCommunication.elf.dir/Core/Src/can_task.cpp.obj
                                  0x8 (size before relaxing)
 .ARM.exidx.text.HAL_GPIO_EXTI_Callback
                0x08002c00       0x10 CMakeFiles/STM32TwoBoardsCommunication.elf.dir/Core/Src/key_task.cpp.obj
                                  0x8 (size before relaxing)
 .ARM.exidx.text.startup
                0x08002c10       0x10 CMakeFiles/STM32TwoBoardsCommunication.elf.dir/Core/Src/startup.cpp.obj
                                  0x8 (size before relaxing)
                0x08002c20                        __exidx_end = .
                0x08002c20                        . = ALIGN (0x4)

.rel.dyn        0x08002c20        0x0
 .rel.iplt      0x08002c20        0x0 C:/MyProgramFiles/Engineering/Embedded/STM32CubeCLT-1.16.0/STM32CubeCLT_1.16.0/GNU-tools-for-STM32/bin/../lib/gcc/arm-none-eabi/12.3.1/thumb/v7e-m/nofp/crtbegin.o

.preinit_array  0x08002c20        0x0
                0x08002c20                        . = ALIGN (0x4)
                0x08002c20                        PROVIDE (__preinit_array_start = .)
 *(.preinit_array*)
                0x08002c20                        PROVIDE (__preinit_array_end = .)
                0x08002c20                        . = ALIGN (0x4)

.init_array     0x08002c20        0x8
                0x08002c20                        . = ALIGN (0x4)
                0x08002c20                        PROVIDE (__init_array_start = .)
 *(SORT_BY_NAME(.init_array.*))
 .init_array.00000
                0x08002c20        0x4 C:/MyProgramFiles/Engineering/Embedded/STM32CubeCLT-1.16.0/STM32CubeCLT_1.16.0/GNU-tools-for-STM32/bin/../lib/gcc/arm-none-eabi/12.3.1/../../../../arm-none-eabi/lib/thumb/v7e-m/nofp\libc.a(libc_a-__call_atexit.o)
 *(.init_array*)
 .init_array    0x08002c24        0x4 C:/MyProgramFiles/Engineering/Embedded/STM32CubeCLT-1.16.0/STM32CubeCLT_1.16.0/GNU-tools-for-STM32/bin/../lib/gcc/arm-none-eabi/12.3.1/thumb/v7e-m/nofp/crtbegin.o
                0x08002c28                        PROVIDE (__init_array_end = .)
                0x08002c28                        . = ALIGN (0x4)

.fini_array     0x08002c28        0x4
                0x08002c28                        . = ALIGN (0x4)
                0x08002c28                        PROVIDE (__fini_array_start = .)
 *(SORT_BY_NAME(.fini_array.*))
 *(.fini_array*)
 .fini_array    0x08002c28        0x4 C:/MyProgramFiles/Engineering/Embedded/STM32CubeCLT-1.16.0/STM32CubeCLT_1.16.0/GNU-tools-for-STM32/bin/../lib/gcc/arm-none-eabi/12.3.1/thumb/v7e-m/nofp/crtbegin.o
                0x08002c2c                        PROVIDE (__fini_array_end = .)
                0x08002c2c                        . = ALIGN (0x4)
                0x08002c2c                        _sidata = LOADADDR (.data)

.data           0x20000000      0x14c load address 0x08002c2c
                0x20000000                        . = ALIGN (0x4)
                0x20000000                        _sdata = .
 *(.data)
 *(.data*)
 .data.txHeader
                0x20000000       0x18 CMakeFiles/STM32TwoBoardsCommunication.elf.dir/Core/Src/can_task.cpp.obj
                0x20000000                txHeader
 .data.SystemCoreClock
                0x20000018        0x4 CMakeFiles/STM32TwoBoardsCommunication.elf.dir/Core/Src/system_stm32f4xx.c.obj
                0x20000018                SystemCoreClock
 .data.uwTickFreq
                0x2000001c        0x1 CMakeFiles/STM32TwoBoardsCommunication.elf.dir/Drivers/STM32F4xx_HAL_Driver/Src/stm32f4xx_hal.c.obj
                0x2000001c                uwTickFreq
 *fill*         0x2000001d        0x3 
 .data.uwTickPrio
                0x20000020        0x4 CMakeFiles/STM32TwoBoardsCommunication.elf.dir/Drivers/STM32F4xx_HAL_Driver/Src/stm32f4xx_hal.c.obj
                0x20000020                uwTickPrio
 .data._impure_ptr
                0x20000024        0x4 C:/MyProgramFiles/Engineering/Embedded/STM32CubeCLT-1.16.0/STM32CubeCLT_1.16.0/GNU-tools-for-STM32/bin/../lib/gcc/arm-none-eabi/12.3.1/../../../../arm-none-eabi/lib/thumb/v7e-m/nofp\libc.a(libc_a-impure.o)
                0x20000024                _impure_ptr
 .data._impure_data
                0x20000028      0x120 C:/MyProgramFiles/Engineering/Embedded/STM32CubeCLT-1.16.0/STM32CubeCLT_1.16.0/GNU-tools-for-STM32/bin/../lib/gcc/arm-none-eabi/12.3.1/../../../../arm-none-eabi/lib/thumb/v7e-m/nofp\libc.a(libc_a-impure.o)
                0x20000028                _impure_data
 .data.__atexit_recursive_mutex
                0x20000148        0x4 C:/MyProgramFiles/Engineering/Embedded/STM32CubeCLT-1.16.0/STM32CubeCLT_1.16.0/GNU-tools-for-STM32/bin/../lib/gcc/arm-none-eabi/12.3.1/../../../../arm-none-eabi/lib/thumb/v7e-m/nofp\libc.a(libc_a-__call_atexit.o)
                0x20000148                __atexit_recursive_mutex
 *(.RamFunc)
 *(.RamFunc*)
                0x2000014c                        . = ALIGN (0x4)
                0x2000014c                        _edata = .
                0x08002d78                        _siccmram = LOADADDR (.ccmram)

.igot.plt       0x2000014c        0x0 load address 0x08002d78
 .igot.plt      0x2000014c        0x0 C:/MyProgramFiles/Engineering/Embedded/STM32CubeCLT-1.16.0/STM32CubeCLT_1.16.0/GNU-tools-for-STM32/bin/../lib/gcc/arm-none-eabi/12.3.1/thumb/v7e-m/nofp/crtbegin.o

.ccmram         0x10000000        0x0 load address 0x08002d78
                0x10000000                        . = ALIGN (0x4)
                0x10000000                        _sccmram = .
 *(.ccmram)
 *(.ccmram*)
                0x10000000                        . = ALIGN (0x4)
                0x10000000                        _eccmram = .
                0x10000000                        . = ALIGN (0x4)

.bss            0x2000014c      0x328
                0x2000014c                        _sbss = .
                0x2000014c                        __bss_start__ = _sbss
 *(.bss)
 .bss           0x2000014c       0x1c C:/MyProgramFiles/Engineering/Embedded/STM32CubeCLT-1.16.0/STM32CubeCLT_1.16.0/GNU-tools-for-STM32/bin/../lib/gcc/arm-none-eabi/12.3.1/thumb/v7e-m/nofp/crtbegin.o
 *(.bss*)
 .bss.hcan1     0x20000168       0x28 CMakeFiles/STM32TwoBoardsCommunication.elf.dir/Core/Src/can.c.obj
                0x20000168                hcan1
 .bss.txData    0x20000190        0x8 CMakeFiles/STM32TwoBoardsCommunication.elf.dir/Core/Src/can_task.cpp.obj
                0x20000190                txData
 .bss.txMailbox
                0x20000198        0x4 CMakeFiles/STM32TwoBoardsCommunication.elf.dir/Core/Src/can_task.cpp.obj
                0x20000198                txMailbox
 .bss.uwTick    0x2000019c        0x4 CMakeFiles/STM32TwoBoardsCommunication.elf.dir/Drivers/STM32F4xx_HAL_Driver/Src/stm32f4xx_hal.c.obj
                0x2000019c                uwTick
 .bss.__sf      0x200001a0      0x138 C:/MyProgramFiles/Engineering/Embedded/STM32CubeCLT-1.16.0/STM32CubeCLT_1.16.0/GNU-tools-for-STM32/bin/../lib/gcc/arm-none-eabi/12.3.1/../../../../arm-none-eabi/lib/thumb/v7e-m/nofp\libc.a(libc_a-findfp.o)
                0x200001a0                __sf
 .bss.errno     0x200002d8        0x4 C:/MyProgramFiles/Engineering/Embedded/STM32CubeCLT-1.16.0/STM32CubeCLT_1.16.0/GNU-tools-for-STM32/bin/../lib/gcc/arm-none-eabi/12.3.1/../../../../arm-none-eabi/lib/thumb/v7e-m/nofp\libc.a(libc_a-reent.o)
                0x200002d8                errno
 .bss.__lock___atexit_recursive_mutex
                0x200002dc        0x1 C:/MyProgramFiles/Engineering/Embedded/STM32CubeCLT-1.16.0/STM32CubeCLT_1.16.0/GNU-tools-for-STM32/bin/../lib/gcc/arm-none-eabi/12.3.1/../../../../arm-none-eabi/lib/thumb/v7e-m/nofp\libc.a(libc_a-lock.o)
                0x200002dc                __lock___atexit_recursive_mutex
 *fill*         0x200002dd        0x3 
 .bss.__atexit  0x200002e0        0x4 C:/MyProgramFiles/Engineering/Embedded/STM32CubeCLT-1.16.0/STM32CubeCLT_1.16.0/GNU-tools-for-STM32/bin/../lib/gcc/arm-none-eabi/12.3.1/../../../../arm-none-eabi/lib/thumb/v7e-m/nofp\libc.a(libc_a-__call_atexit.o)
                0x200002e0                __atexit
 .bss.__atexit0
                0x200002e4      0x190 C:/MyProgramFiles/Engineering/Embedded/STM32CubeCLT-1.16.0/STM32CubeCLT_1.16.0/GNU-tools-for-STM32/bin/../lib/gcc/arm-none-eabi/12.3.1/../../../../arm-none-eabi/lib/thumb/v7e-m/nofp\libc.a(libc_a-__atexit.o)
                0x200002e4                __atexit0
 *(COMMON)
                0x20000474                        . = ALIGN (0x4)
                0x20000474                        _ebss = .
                0x20000474                        __bss_end__ = _ebss

._user_heap_stack
                0x20000474      0x604
                0x20000478                        . = ALIGN (0x8)
 *fill*         0x20000474        0x4 
                [!provide]                        PROVIDE (end = .)
                0x20000478                        PROVIDE (_end = .)
                0x20000678                        . = (. + _Min_Heap_Size)
 *fill*         0x20000478      0x200 
                0x20000a78                        . = (. + _Min_Stack_Size)
 *fill*         0x20000678      0x400 
                0x20000a78                        . = ALIGN (0x8)

/DISCARD/
 libc.a(*)
 libm.a(*)
 libgcc.a(*)

.ARM.attributes
                0x00000000       0x2a
 *(.ARM.attributes)
 .ARM.attributes
                0x00000000       0x1e C:/MyProgramFiles/Engineering/Embedded/STM32CubeCLT-1.16.0/STM32CubeCLT_1.16.0/GNU-tools-for-STM32/bin/../lib/gcc/arm-none-eabi/12.3.1/thumb/v7e-m/nofp/crti.o
 .ARM.attributes
                0x0000001e       0x2e C:/MyProgramFiles/Engineering/Embedded/STM32CubeCLT-1.16.0/STM32CubeCLT_1.16.0/GNU-tools-for-STM32/bin/../lib/gcc/arm-none-eabi/12.3.1/thumb/v7e-m/nofp/crtbegin.o
 .ARM.attributes
                0x0000004c       0x2e CMakeFiles/STM32TwoBoardsCommunication.elf.dir/Core/Src/can.c.obj
 .ARM.attributes
                0x0000007a       0x2e CMakeFiles/STM32TwoBoardsCommunication.elf.dir/Core/Src/can_task.cpp.obj
 .ARM.attributes
                0x000000a8       0x2e CMakeFiles/STM32TwoBoardsCommunication.elf.dir/Core/Src/gpio.c.obj
 .ARM.attributes
                0x000000d6       0x2e CMakeFiles/STM32TwoBoardsCommunication.elf.dir/Core/Src/key_task.cpp.obj
 .ARM.attributes
                0x00000104       0x2e CMakeFiles/STM32TwoBoardsCommunication.elf.dir/Core/Src/main.c.obj
 .ARM.attributes
                0x00000132       0x2e CMakeFiles/STM32TwoBoardsCommunication.elf.dir/Core/Src/startup.cpp.obj
 .ARM.attributes
                0x00000160       0x2e CMakeFiles/STM32TwoBoardsCommunication.elf.dir/Core/Src/stm32f4xx_hal_msp.c.obj
 .ARM.attributes
                0x0000018e       0x2e CMakeFiles/STM32TwoBoardsCommunication.elf.dir/Core/Src/stm32f4xx_it.c.obj
 .ARM.attributes
                0x000001bc       0x2e CMakeFiles/STM32TwoBoardsCommunication.elf.dir/Core/Src/syscalls.c.obj
 .ARM.attributes
                0x000001ea       0x2e CMakeFiles/STM32TwoBoardsCommunication.elf.dir/Core/Src/system_stm32f4xx.c.obj
 .ARM.attributes
                0x00000218       0x21 CMakeFiles/STM32TwoBoardsCommunication.elf.dir/Core/Startup/startup_stm32f427iihx.s.obj
 .ARM.attributes
                0x00000239       0x2e CMakeFiles/STM32TwoBoardsCommunication.elf.dir/Drivers/STM32F4xx_HAL_Driver/Src/stm32f4xx_hal.c.obj
 .ARM.attributes
                0x00000267       0x2e CMakeFiles/STM32TwoBoardsCommunication.elf.dir/Drivers/STM32F4xx_HAL_Driver/Src/stm32f4xx_hal_can.c.obj
 .ARM.attributes
                0x00000295       0x2e CMakeFiles/STM32TwoBoardsCommunication.elf.dir/Drivers/STM32F4xx_HAL_Driver/Src/stm32f4xx_hal_cortex.c.obj
 .ARM.attributes
                0x000002c3       0x2e CMakeFiles/STM32TwoBoardsCommunication.elf.dir/Drivers/STM32F4xx_HAL_Driver/Src/stm32f4xx_hal_gpio.c.obj
 .ARM.attributes
                0x000002f1       0x2e CMakeFiles/STM32TwoBoardsCommunication.elf.dir/Drivers/STM32F4xx_HAL_Driver/Src/stm32f4xx_hal_pwr_ex.c.obj
 .ARM.attributes
                0x0000031f       0x2e CMakeFiles/STM32TwoBoardsCommunication.elf.dir/Drivers/STM32F4xx_HAL_Driver/Src/stm32f4xx_hal_rcc.c.obj
 .ARM.attributes
                0x0000034d       0x1e C:/MyProgramFiles/Engineering/Embedded/STM32CubeCLT-1.16.0/STM32CubeCLT_1.16.0/GNU-tools-for-STM32/bin/../lib/gcc/arm-none-eabi/12.3.1/thumb/v7e-m/nofp\libgcc.a(_aeabi_uldivmod.o)
 .ARM.attributes
                0x0000036b       0x2e C:/MyProgramFiles/Engineering/Embedded/STM32CubeCLT-1.16.0/STM32CubeCLT_1.16.0/GNU-tools-for-STM32/bin/../lib/gcc/arm-none-eabi/12.3.1/thumb/v7e-m/nofp\libgcc.a(_udivmoddi4.o)
 .ARM.attributes
                0x00000399       0x2e C:/MyProgramFiles/Engineering/Embedded/STM32CubeCLT-1.16.0/STM32CubeCLT_1.16.0/GNU-tools-for-STM32/bin/../lib/gcc/arm-none-eabi/12.3.1/thumb/v7e-m/nofp\libgcc.a(unwind-arm.o)
 .ARM.attributes
                0x000003c7       0x1e C:/MyProgramFiles/Engineering/Embedded/STM32CubeCLT-1.16.0/STM32CubeCLT_1.16.0/GNU-tools-for-STM32/bin/../lib/gcc/arm-none-eabi/12.3.1/thumb/v7e-m/nofp\libgcc.a(libunwind.o)
 .ARM.attributes
                0x000003e5       0x2e C:/MyProgramFiles/Engineering/Embedded/STM32CubeCLT-1.16.0/STM32CubeCLT_1.16.0/GNU-tools-for-STM32/bin/../lib/gcc/arm-none-eabi/12.3.1/thumb/v7e-m/nofp\libgcc.a(pr-support.o)
 .ARM.attributes
                0x00000413       0x1e C:/MyProgramFiles/Engineering/Embedded/STM32CubeCLT-1.16.0/STM32CubeCLT_1.16.0/GNU-tools-for-STM32/bin/../lib/gcc/arm-none-eabi/12.3.1/thumb/v7e-m/nofp\libgcc.a(_dvmd_tls.o)
 .ARM.attributes
                0x00000431       0x2e C:/MyProgramFiles/Engineering/Embedded/STM32CubeCLT-1.16.0/STM32CubeCLT_1.16.0/GNU-tools-for-STM32/bin/../lib/gcc/arm-none-eabi/12.3.1/../../../../arm-none-eabi/lib/thumb/v7e-m/nofp\libc.a(libc_a-abort.o)
 .ARM.attributes
                0x0000045f       0x2e C:/MyProgramFiles/Engineering/Embedded/STM32CubeCLT-1.16.0/STM32CubeCLT_1.16.0/GNU-tools-for-STM32/bin/../lib/gcc/arm-none-eabi/12.3.1/../../../../arm-none-eabi/lib/thumb/v7e-m/nofp\libc.a(libc_a-findfp.o)
 .ARM.attributes
                0x0000048d       0x2e C:/MyProgramFiles/Engineering/Embedded/STM32CubeCLT-1.16.0/STM32CubeCLT_1.16.0/GNU-tools-for-STM32/bin/../lib/gcc/arm-none-eabi/12.3.1/../../../../arm-none-eabi/lib/thumb/v7e-m/nofp\libc.a(libc_a-memset.o)
 .ARM.attributes
                0x000004bb       0x2e C:/MyProgramFiles/Engineering/Embedded/STM32CubeCLT-1.16.0/STM32CubeCLT_1.16.0/GNU-tools-for-STM32/bin/../lib/gcc/arm-none-eabi/12.3.1/../../../../arm-none-eabi/lib/thumb/v7e-m/nofp\libc.a(libc_a-signal.o)
 .ARM.attributes
                0x000004e9       0x2e C:/MyProgramFiles/Engineering/Embedded/STM32CubeCLT-1.16.0/STM32CubeCLT_1.16.0/GNU-tools-for-STM32/bin/../lib/gcc/arm-none-eabi/12.3.1/../../../../arm-none-eabi/lib/thumb/v7e-m/nofp\libc.a(libc_a-reent.o)
 .ARM.attributes
                0x00000517       0x2e C:/MyProgramFiles/Engineering/Embedded/STM32CubeCLT-1.16.0/STM32CubeCLT_1.16.0/GNU-tools-for-STM32/bin/../lib/gcc/arm-none-eabi/12.3.1/../../../../arm-none-eabi/lib/thumb/v7e-m/nofp\libc.a(libc_a-impure.o)
 .ARM.attributes
                0x00000545       0x2e C:/MyProgramFiles/Engineering/Embedded/STM32CubeCLT-1.16.0/STM32CubeCLT_1.16.0/GNU-tools-for-STM32/bin/../lib/gcc/arm-none-eabi/12.3.1/../../../../arm-none-eabi/lib/thumb/v7e-m/nofp\libc.a(libc_a-signalr.o)
 .ARM.attributes
                0x00000573       0x2e C:/MyProgramFiles/Engineering/Embedded/STM32CubeCLT-1.16.0/STM32CubeCLT_1.16.0/GNU-tools-for-STM32/bin/../lib/gcc/arm-none-eabi/12.3.1/../../../../arm-none-eabi/lib/thumb/v7e-m/nofp\libc.a(libc_a-errno.o)
 .ARM.attributes
                0x000005a1       0x2e C:/MyProgramFiles/Engineering/Embedded/STM32CubeCLT-1.16.0/STM32CubeCLT_1.16.0/GNU-tools-for-STM32/bin/../lib/gcc/arm-none-eabi/12.3.1/../../../../arm-none-eabi/lib/thumb/v7e-m/nofp\libc.a(libc_a-init.o)
 .ARM.attributes
                0x000005cf       0x2e C:/MyProgramFiles/Engineering/Embedded/STM32CubeCLT-1.16.0/STM32CubeCLT_1.16.0/GNU-tools-for-STM32/bin/../lib/gcc/arm-none-eabi/12.3.1/../../../../arm-none-eabi/lib/thumb/v7e-m/nofp\libc.a(libc_a-lock.o)
 .ARM.attributes
                0x000005fd       0x2e C:/MyProgramFiles/Engineering/Embedded/STM32CubeCLT-1.16.0/STM32CubeCLT_1.16.0/GNU-tools-for-STM32/bin/../lib/gcc/arm-none-eabi/12.3.1/../../../../arm-none-eabi/lib/thumb/v7e-m/nofp\libc.a(libc_a-memcpy-stub.o)
 .ARM.attributes
                0x0000062b       0x2e C:/MyProgramFiles/Engineering/Embedded/STM32CubeCLT-1.16.0/STM32CubeCLT_1.16.0/GNU-tools-for-STM32/bin/../lib/gcc/arm-none-eabi/12.3.1/../../../../arm-none-eabi/lib/thumb/v7e-m/nofp\libc.a(libc_a-__call_atexit.o)
 .ARM.attributes
                0x00000659       0x2e C:/MyProgramFiles/Engineering/Embedded/STM32CubeCLT-1.16.0/STM32CubeCLT_1.16.0/GNU-tools-for-STM32/bin/../lib/gcc/arm-none-eabi/12.3.1/../../../../arm-none-eabi/lib/thumb/v7e-m/nofp\libc.a(libc_a-atexit.o)
 .ARM.attributes
                0x00000687       0x2e C:/MyProgramFiles/Engineering/Embedded/STM32CubeCLT-1.16.0/STM32CubeCLT_1.16.0/GNU-tools-for-STM32/bin/../lib/gcc/arm-none-eabi/12.3.1/../../../../arm-none-eabi/lib/thumb/v7e-m/nofp\libc.a(libc_a-fini.o)
 .ARM.attributes
                0x000006b5       0x2e C:/MyProgramFiles/Engineering/Embedded/STM32CubeCLT-1.16.0/STM32CubeCLT_1.16.0/GNU-tools-for-STM32/bin/../lib/gcc/arm-none-eabi/12.3.1/../../../../arm-none-eabi/lib/thumb/v7e-m/nofp\libc.a(libc_a-__atexit.o)
 .ARM.attributes
                0x000006e3       0x1e C:/MyProgramFiles/Engineering/Embedded/STM32CubeCLT-1.16.0/STM32CubeCLT_1.16.0/GNU-tools-for-STM32/bin/../lib/gcc/arm-none-eabi/12.3.1/thumb/v7e-m/nofp/crtn.o
OUTPUT(STM32TwoBoardsCommunication.elf elf32-littlearm)
LOAD linker stubs
LOAD C:/MyProgramFiles/Engineering/Embedded/STM32CubeCLT-1.16.0/STM32CubeCLT_1.16.0/GNU-tools-for-STM32/bin/../lib/gcc/arm-none-eabi/12.3.1/../../../../arm-none-eabi/lib/thumb/v7e-m/nofp\libc.a
LOAD C:/MyProgramFiles/Engineering/Embedded/STM32CubeCLT-1.16.0/STM32CubeCLT_1.16.0/GNU-tools-for-STM32/bin/../lib/gcc/arm-none-eabi/12.3.1/../../../../arm-none-eabi/lib/thumb/v7e-m/nofp\libm.a
LOAD C:/MyProgramFiles/Engineering/Embedded/STM32CubeCLT-1.16.0/STM32CubeCLT_1.16.0/GNU-tools-for-STM32/bin/../lib/gcc/arm-none-eabi/12.3.1/thumb/v7e-m/nofp\libgcc.a

.debug_info     0x00000000     0x7ba6
 .debug_info    0x00000000      0xc76 CMakeFiles/STM32TwoBoardsCommunication.elf.dir/Core/Src/can.c.obj
 .debug_info    0x00000c76      0x8fa CMakeFiles/STM32TwoBoardsCommunication.elf.dir/Core/Src/can_task.cpp.obj
 .debug_info    0x00001570      0x72a CMakeFiles/STM32TwoBoardsCommunication.elf.dir/Core/Src/gpio.c.obj
 .debug_info    0x00001c9a       0xcd CMakeFiles/STM32TwoBoardsCommunication.elf.dir/Core/Src/key_task.cpp.obj
 .debug_info    0x00001d67      0x590 CMakeFiles/STM32TwoBoardsCommunication.elf.dir/Core/Src/main.c.obj
 .debug_info    0x000022f7       0xa1 CMakeFiles/STM32TwoBoardsCommunication.elf.dir/Core/Src/startup.cpp.obj
 .debug_info    0x00002398      0x27d CMakeFiles/STM32TwoBoardsCommunication.elf.dir/Core/Src/stm32f4xx_hal_msp.c.obj
 .debug_info    0x00002615      0x5c8 CMakeFiles/STM32TwoBoardsCommunication.elf.dir/Core/Src/stm32f4xx_it.c.obj
 .debug_info    0x00002bdd      0x783 CMakeFiles/STM32TwoBoardsCommunication.elf.dir/Core/Src/syscalls.c.obj
 .debug_info    0x00003360      0x34c CMakeFiles/STM32TwoBoardsCommunication.elf.dir/Core/Src/system_stm32f4xx.c.obj
 .debug_info    0x000036ac       0x30 CMakeFiles/STM32TwoBoardsCommunication.elf.dir/Core/Startup/startup_stm32f427iihx.s.obj
 .debug_info    0x000036dc      0xa50 CMakeFiles/STM32TwoBoardsCommunication.elf.dir/Drivers/STM32F4xx_HAL_Driver/Src/stm32f4xx_hal.c.obj
 .debug_info    0x0000412c     0x11a6 CMakeFiles/STM32TwoBoardsCommunication.elf.dir/Drivers/STM32F4xx_HAL_Driver/Src/stm32f4xx_hal_can.c.obj
 .debug_info    0x000052d2      0xfa7 CMakeFiles/STM32TwoBoardsCommunication.elf.dir/Drivers/STM32F4xx_HAL_Driver/Src/stm32f4xx_hal_cortex.c.obj
 .debug_info    0x00006279      0x71c CMakeFiles/STM32TwoBoardsCommunication.elf.dir/Drivers/STM32F4xx_HAL_Driver/Src/stm32f4xx_hal_gpio.c.obj
 .debug_info    0x00006995      0x78a CMakeFiles/STM32TwoBoardsCommunication.elf.dir/Drivers/STM32F4xx_HAL_Driver/Src/stm32f4xx_hal_pwr_ex.c.obj
 .debug_info    0x0000711f      0xa87 CMakeFiles/STM32TwoBoardsCommunication.elf.dir/Drivers/STM32F4xx_HAL_Driver/Src/stm32f4xx_hal_rcc.c.obj

.debug_abbrev   0x00000000     0x1da6
 .debug_abbrev  0x00000000      0x24e CMakeFiles/STM32TwoBoardsCommunication.elf.dir/Core/Src/can.c.obj
 .debug_abbrev  0x0000024e      0x22a CMakeFiles/STM32TwoBoardsCommunication.elf.dir/Core/Src/can_task.cpp.obj
 .debug_abbrev  0x00000478      0x186 CMakeFiles/STM32TwoBoardsCommunication.elf.dir/Core/Src/gpio.c.obj
 .debug_abbrev  0x000005fe       0x87 CMakeFiles/STM32TwoBoardsCommunication.elf.dir/Core/Src/key_task.cpp.obj
 .debug_abbrev  0x00000685      0x201 CMakeFiles/STM32TwoBoardsCommunication.elf.dir/Core/Src/main.c.obj
 .debug_abbrev  0x00000886       0x64 CMakeFiles/STM32TwoBoardsCommunication.elf.dir/Core/Src/startup.cpp.obj
 .debug_abbrev  0x000008ea       0xd6 CMakeFiles/STM32TwoBoardsCommunication.elf.dir/Core/Src/stm32f4xx_hal_msp.c.obj
 .debug_abbrev  0x000009c0      0x1ed CMakeFiles/STM32TwoBoardsCommunication.elf.dir/Core/Src/stm32f4xx_it.c.obj
 .debug_abbrev  0x00000bad      0x1c1 CMakeFiles/STM32TwoBoardsCommunication.elf.dir/Core/Src/syscalls.c.obj
 .debug_abbrev  0x00000d6e      0x120 CMakeFiles/STM32TwoBoardsCommunication.elf.dir/Core/Src/system_stm32f4xx.c.obj
 .debug_abbrev  0x00000e8e       0x24 CMakeFiles/STM32TwoBoardsCommunication.elf.dir/Core/Startup/startup_stm32f427iihx.s.obj
 .debug_abbrev  0x00000eb2      0x23f CMakeFiles/STM32TwoBoardsCommunication.elf.dir/Drivers/STM32F4xx_HAL_Driver/Src/stm32f4xx_hal.c.obj
 .debug_abbrev  0x000010f1      0x26c CMakeFiles/STM32TwoBoardsCommunication.elf.dir/Drivers/STM32F4xx_HAL_Driver/Src/stm32f4xx_hal_can.c.obj
 .debug_abbrev  0x0000135d      0x39b CMakeFiles/STM32TwoBoardsCommunication.elf.dir/Drivers/STM32F4xx_HAL_Driver/Src/stm32f4xx_hal_cortex.c.obj
 .debug_abbrev  0x000016f8      0x202 CMakeFiles/STM32TwoBoardsCommunication.elf.dir/Drivers/STM32F4xx_HAL_Driver/Src/stm32f4xx_hal_gpio.c.obj
 .debug_abbrev  0x000018fa      0x1e6 CMakeFiles/STM32TwoBoardsCommunication.elf.dir/Drivers/STM32F4xx_HAL_Driver/Src/stm32f4xx_hal_pwr_ex.c.obj
 .debug_abbrev  0x00001ae0      0x2c6 CMakeFiles/STM32TwoBoardsCommunication.elf.dir/Drivers/STM32F4xx_HAL_Driver/Src/stm32f4xx_hal_rcc.c.obj

.debug_loclists
                0x00000000     0x1995
 .debug_loclists
                0x00000000       0x5d CMakeFiles/STM32TwoBoardsCommunication.elf.dir/Core/Src/can.c.obj
 .debug_loclists
                0x0000005d       0x34 CMakeFiles/STM32TwoBoardsCommunication.elf.dir/Core/Src/can_task.cpp.obj
 .debug_loclists
                0x00000091       0x23 CMakeFiles/STM32TwoBoardsCommunication.elf.dir/Core/Src/key_task.cpp.obj
 .debug_loclists
                0x000000b4      0x25b CMakeFiles/STM32TwoBoardsCommunication.elf.dir/Core/Src/syscalls.c.obj
 .debug_loclists
                0x0000030f       0xdb CMakeFiles/STM32TwoBoardsCommunication.elf.dir/Core/Src/system_stm32f4xx.c.obj
 .debug_loclists
                0x000003ea       0xc9 CMakeFiles/STM32TwoBoardsCommunication.elf.dir/Drivers/STM32F4xx_HAL_Driver/Src/stm32f4xx_hal.c.obj
 .debug_loclists
                0x000004b3      0x85c CMakeFiles/STM32TwoBoardsCommunication.elf.dir/Drivers/STM32F4xx_HAL_Driver/Src/stm32f4xx_hal_can.c.obj
 .debug_loclists
                0x00000d0f      0x439 CMakeFiles/STM32TwoBoardsCommunication.elf.dir/Drivers/STM32F4xx_HAL_Driver/Src/stm32f4xx_hal_cortex.c.obj
 .debug_loclists
                0x00001148      0x356 CMakeFiles/STM32TwoBoardsCommunication.elf.dir/Drivers/STM32F4xx_HAL_Driver/Src/stm32f4xx_hal_gpio.c.obj
 .debug_loclists
                0x0000149e      0x14e CMakeFiles/STM32TwoBoardsCommunication.elf.dir/Drivers/STM32F4xx_HAL_Driver/Src/stm32f4xx_hal_pwr_ex.c.obj
 .debug_loclists
                0x000015ec      0x3a9 CMakeFiles/STM32TwoBoardsCommunication.elf.dir/Drivers/STM32F4xx_HAL_Driver/Src/stm32f4xx_hal_rcc.c.obj

.debug_aranges  0x00000000      0x6e0
 .debug_aranges
                0x00000000       0x30 CMakeFiles/STM32TwoBoardsCommunication.elf.dir/Core/Src/can.c.obj
 .debug_aranges
                0x00000030       0x30 CMakeFiles/STM32TwoBoardsCommunication.elf.dir/Core/Src/can_task.cpp.obj
 .debug_aranges
                0x00000060       0x20 CMakeFiles/STM32TwoBoardsCommunication.elf.dir/Core/Src/gpio.c.obj
 .debug_aranges
                0x00000080       0x20 CMakeFiles/STM32TwoBoardsCommunication.elf.dir/Core/Src/key_task.cpp.obj
 .debug_aranges
                0x000000a0       0x30 CMakeFiles/STM32TwoBoardsCommunication.elf.dir/Core/Src/main.c.obj
 .debug_aranges
                0x000000d0       0x20 CMakeFiles/STM32TwoBoardsCommunication.elf.dir/Core/Src/startup.cpp.obj
 .debug_aranges
                0x000000f0       0x20 CMakeFiles/STM32TwoBoardsCommunication.elf.dir/Core/Src/stm32f4xx_hal_msp.c.obj
 .debug_aranges
                0x00000110       0x88 CMakeFiles/STM32TwoBoardsCommunication.elf.dir/Core/Src/stm32f4xx_it.c.obj
 .debug_aranges
                0x00000198       0xa8 CMakeFiles/STM32TwoBoardsCommunication.elf.dir/Core/Src/syscalls.c.obj
 .debug_aranges
                0x00000240       0x28 CMakeFiles/STM32TwoBoardsCommunication.elf.dir/Core/Src/system_stm32f4xx.c.obj
 .debug_aranges
                0x00000268       0x28 CMakeFiles/STM32TwoBoardsCommunication.elf.dir/Core/Startup/startup_stm32f427iihx.s.obj
 .debug_aranges
                0x00000290      0x100 CMakeFiles/STM32TwoBoardsCommunication.elf.dir/Drivers/STM32F4xx_HAL_Driver/Src/stm32f4xx_hal.c.obj
 .debug_aranges
                0x00000390      0x138 CMakeFiles/STM32TwoBoardsCommunication.elf.dir/Drivers/STM32F4xx_HAL_Driver/Src/stm32f4xx_hal_can.c.obj
 .debug_aranges
                0x000004c8       0xd8 CMakeFiles/STM32TwoBoardsCommunication.elf.dir/Drivers/STM32F4xx_HAL_Driver/Src/stm32f4xx_hal_cortex.c.obj
 .debug_aranges
                0x000005a0       0x58 CMakeFiles/STM32TwoBoardsCommunication.elf.dir/Drivers/STM32F4xx_HAL_Driver/Src/stm32f4xx_hal_gpio.c.obj
 .debug_aranges
                0x000005f8       0x60 CMakeFiles/STM32TwoBoardsCommunication.elf.dir/Drivers/STM32F4xx_HAL_Driver/Src/stm32f4xx_hal_pwr_ex.c.obj
 .debug_aranges
                0x00000658       0x88 CMakeFiles/STM32TwoBoardsCommunication.elf.dir/Drivers/STM32F4xx_HAL_Driver/Src/stm32f4xx_hal_rcc.c.obj

.debug_rnglists
                0x00000000      0x4f3
 .debug_rnglists
                0x00000000       0x20 CMakeFiles/STM32TwoBoardsCommunication.elf.dir/Core/Src/can.c.obj
 .debug_rnglists
                0x00000020       0x1f CMakeFiles/STM32TwoBoardsCommunication.elf.dir/Core/Src/can_task.cpp.obj
 .debug_rnglists
                0x0000003f       0x14 CMakeFiles/STM32TwoBoardsCommunication.elf.dir/Core/Src/gpio.c.obj
 .debug_rnglists
                0x00000053       0x13 CMakeFiles/STM32TwoBoardsCommunication.elf.dir/Core/Src/key_task.cpp.obj
 .debug_rnglists
                0x00000066       0x20 CMakeFiles/STM32TwoBoardsCommunication.elf.dir/Core/Src/main.c.obj
 .debug_rnglists
                0x00000086       0x13 CMakeFiles/STM32TwoBoardsCommunication.elf.dir/Core/Src/startup.cpp.obj
 .debug_rnglists
                0x00000099       0x13 CMakeFiles/STM32TwoBoardsCommunication.elf.dir/Core/Src/stm32f4xx_hal_msp.c.obj
 .debug_rnglists
                0x000000ac       0x61 CMakeFiles/STM32TwoBoardsCommunication.elf.dir/Core/Src/stm32f4xx_it.c.obj
 .debug_rnglists
                0x0000010d       0x79 CMakeFiles/STM32TwoBoardsCommunication.elf.dir/Core/Src/syscalls.c.obj
 .debug_rnglists
                0x00000186       0x1a CMakeFiles/STM32TwoBoardsCommunication.elf.dir/Core/Src/system_stm32f4xx.c.obj
 .debug_rnglists
                0x000001a0       0x19 CMakeFiles/STM32TwoBoardsCommunication.elf.dir/Core/Startup/startup_stm32f427iihx.s.obj
 .debug_rnglists
                0x000001b9       0xbb CMakeFiles/STM32TwoBoardsCommunication.elf.dir/Drivers/STM32F4xx_HAL_Driver/Src/stm32f4xx_hal.c.obj
 .debug_rnglists
                0x00000274       0xea CMakeFiles/STM32TwoBoardsCommunication.elf.dir/Drivers/STM32F4xx_HAL_Driver/Src/stm32f4xx_hal_can.c.obj
 .debug_rnglists
                0x0000035e       0x9d CMakeFiles/STM32TwoBoardsCommunication.elf.dir/Drivers/STM32F4xx_HAL_Driver/Src/stm32f4xx_hal_cortex.c.obj
 .debug_rnglists
                0x000003fb       0x3f CMakeFiles/STM32TwoBoardsCommunication.elf.dir/Drivers/STM32F4xx_HAL_Driver/Src/stm32f4xx_hal_gpio.c.obj
 .debug_rnglists
                0x0000043a       0x44 CMakeFiles/STM32TwoBoardsCommunication.elf.dir/Drivers/STM32F4xx_HAL_Driver/Src/stm32f4xx_hal_pwr_ex.c.obj
 .debug_rnglists
                0x0000047e       0x75 CMakeFiles/STM32TwoBoardsCommunication.elf.dir/Drivers/STM32F4xx_HAL_Driver/Src/stm32f4xx_hal_rcc.c.obj

.debug_line     0x00000000     0x650d
 .debug_line    0x00000000      0x4e2 CMakeFiles/STM32TwoBoardsCommunication.elf.dir/Core/Src/can.c.obj
 .debug_line    0x000004e2      0x420 CMakeFiles/STM32TwoBoardsCommunication.elf.dir/Core/Src/can_task.cpp.obj
 .debug_line    0x00000902      0x389 CMakeFiles/STM32TwoBoardsCommunication.elf.dir/Core/Src/gpio.c.obj
 .debug_line    0x00000c8b      0x22c CMakeFiles/STM32TwoBoardsCommunication.elf.dir/Core/Src/key_task.cpp.obj
 .debug_line    0x00000eb7      0x565 CMakeFiles/STM32TwoBoardsCommunication.elf.dir/Core/Src/main.c.obj
 .debug_line    0x0000141c       0xae CMakeFiles/STM32TwoBoardsCommunication.elf.dir/Core/Src/startup.cpp.obj
 .debug_line    0x000014ca      0x2ab CMakeFiles/STM32TwoBoardsCommunication.elf.dir/Core/Src/stm32f4xx_hal_msp.c.obj
 .debug_line    0x00001775      0x4c4 CMakeFiles/STM32TwoBoardsCommunication.elf.dir/Core/Src/stm32f4xx_it.c.obj
 .debug_line    0x00001c39      0x4ec CMakeFiles/STM32TwoBoardsCommunication.elf.dir/Core/Src/syscalls.c.obj
 .debug_line    0x00002125      0x373 CMakeFiles/STM32TwoBoardsCommunication.elf.dir/Core/Src/system_stm32f4xx.c.obj
 .debug_line    0x00002498       0x7a CMakeFiles/STM32TwoBoardsCommunication.elf.dir/Core/Startup/startup_stm32f427iihx.s.obj
 .debug_line    0x00002512      0x783 CMakeFiles/STM32TwoBoardsCommunication.elf.dir/Drivers/STM32F4xx_HAL_Driver/Src/stm32f4xx_hal.c.obj
 .debug_line    0x00002c95     0x12f0 CMakeFiles/STM32TwoBoardsCommunication.elf.dir/Drivers/STM32F4xx_HAL_Driver/Src/stm32f4xx_hal_can.c.obj
 .debug_line    0x00003f85      0x9f6 CMakeFiles/STM32TwoBoardsCommunication.elf.dir/Drivers/STM32F4xx_HAL_Driver/Src/stm32f4xx_hal_cortex.c.obj
 .debug_line    0x0000497b      0x86f CMakeFiles/STM32TwoBoardsCommunication.elf.dir/Drivers/STM32F4xx_HAL_Driver/Src/stm32f4xx_hal_gpio.c.obj
 .debug_line    0x000051ea      0x684 CMakeFiles/STM32TwoBoardsCommunication.elf.dir/Drivers/STM32F4xx_HAL_Driver/Src/stm32f4xx_hal_pwr_ex.c.obj
 .debug_line    0x0000586e      0xc9f CMakeFiles/STM32TwoBoardsCommunication.elf.dir/Drivers/STM32F4xx_HAL_Driver/Src/stm32f4xx_hal_rcc.c.obj

.debug_str      0x00000000     0x295b
 .debug_str     0x00000000      0xb1d CMakeFiles/STM32TwoBoardsCommunication.elf.dir/Core/Src/can.c.obj
                                0xc40 (size before relaxing)
 .debug_str     0x00000b1d      0x43d CMakeFiles/STM32TwoBoardsCommunication.elf.dir/Core/Src/can_task.cpp.obj
                                0x8da (size before relaxing)
 .debug_str     0x00000f5a       0xa1 CMakeFiles/STM32TwoBoardsCommunication.elf.dir/Core/Src/gpio.c.obj
                                0x969 (size before relaxing)
 .debug_str     0x00000ffb       0x7e CMakeFiles/STM32TwoBoardsCommunication.elf.dir/Core/Src/key_task.cpp.obj
                                0x25e (size before relaxing)
 .debug_str     0x00001079      0x1e9 CMakeFiles/STM32TwoBoardsCommunication.elf.dir/Core/Src/main.c.obj
                                0x53f (size before relaxing)
 .debug_str     0x00001262       0x5d CMakeFiles/STM32TwoBoardsCommunication.elf.dir/Core/Src/startup.cpp.obj
                                0x22d (size before relaxing)
 .debug_str     0x000012bf       0x71 CMakeFiles/STM32TwoBoardsCommunication.elf.dir/Core/Src/stm32f4xx_hal_msp.c.obj
                                0x33d (size before relaxing)
 .debug_str     0x00001330      0x188 CMakeFiles/STM32TwoBoardsCommunication.elf.dir/Core/Src/stm32f4xx_it.c.obj
                                0x5f2 (size before relaxing)
 .debug_str     0x000014b8      0x25d CMakeFiles/STM32TwoBoardsCommunication.elf.dir/Core/Src/syscalls.c.obj
                                0x468 (size before relaxing)
 .debug_str     0x00001715       0xcc CMakeFiles/STM32TwoBoardsCommunication.elf.dir/Core/Src/system_stm32f4xx.c.obj
                                0x3a3 (size before relaxing)
 .debug_str     0x000017e1       0x89 CMakeFiles/STM32TwoBoardsCommunication.elf.dir/Core/Startup/startup_stm32f427iihx.s.obj
                                 0xe3 (size before relaxing)
 .debug_str     0x0000186a      0x357 CMakeFiles/STM32TwoBoardsCommunication.elf.dir/Drivers/STM32F4xx_HAL_Driver/Src/stm32f4xx_hal.c.obj
                                0xc6e (size before relaxing)
 .debug_str     0x00001bc1      0x44f CMakeFiles/STM32TwoBoardsCommunication.elf.dir/Drivers/STM32F4xx_HAL_Driver/Src/stm32f4xx_hal_can.c.obj
                                0xaba (size before relaxing)
 .debug_str     0x00002010      0x4d7 CMakeFiles/STM32TwoBoardsCommunication.elf.dir/Drivers/STM32F4xx_HAL_Driver/Src/stm32f4xx_hal_cortex.c.obj
                                0xce8 (size before relaxing)
 .debug_str     0x000024e7      0x113 CMakeFiles/STM32TwoBoardsCommunication.elf.dir/Drivers/STM32F4xx_HAL_Driver/Src/stm32f4xx_hal_gpio.c.obj
                                0x562 (size before relaxing)
 .debug_str     0x000025fa      0x183 CMakeFiles/STM32TwoBoardsCommunication.elf.dir/Drivers/STM32F4xx_HAL_Driver/Src/stm32f4xx_hal_pwr_ex.c.obj
                                0x54d (size before relaxing)
 .debug_str     0x0000277d      0x1de CMakeFiles/STM32TwoBoardsCommunication.elf.dir/Drivers/STM32F4xx_HAL_Driver/Src/stm32f4xx_hal_rcc.c.obj
                                0x788 (size before relaxing)

.comment        0x00000000       0x43
 .comment       0x00000000       0x43 CMakeFiles/STM32TwoBoardsCommunication.elf.dir/Core/Src/can.c.obj
                                 0x44 (size before relaxing)
 .comment       0x00000043       0x44 CMakeFiles/STM32TwoBoardsCommunication.elf.dir/Core/Src/can_task.cpp.obj
 .comment       0x00000043       0x44 CMakeFiles/STM32TwoBoardsCommunication.elf.dir/Core/Src/gpio.c.obj
 .comment       0x00000043       0x44 CMakeFiles/STM32TwoBoardsCommunication.elf.dir/Core/Src/key_task.cpp.obj
 .comment       0x00000043       0x44 CMakeFiles/STM32TwoBoardsCommunication.elf.dir/Core/Src/main.c.obj
 .comment       0x00000043       0x44 CMakeFiles/STM32TwoBoardsCommunication.elf.dir/Core/Src/startup.cpp.obj
 .comment       0x00000043       0x44 CMakeFiles/STM32TwoBoardsCommunication.elf.dir/Core/Src/stm32f4xx_hal_msp.c.obj
 .comment       0x00000043       0x44 CMakeFiles/STM32TwoBoardsCommunication.elf.dir/Core/Src/stm32f4xx_it.c.obj
 .comment       0x00000043       0x44 CMakeFiles/STM32TwoBoardsCommunication.elf.dir/Core/Src/syscalls.c.obj
 .comment       0x00000043       0x44 CMakeFiles/STM32TwoBoardsCommunication.elf.dir/Core/Src/system_stm32f4xx.c.obj
 .comment       0x00000043       0x44 CMakeFiles/STM32TwoBoardsCommunication.elf.dir/Drivers/STM32F4xx_HAL_Driver/Src/stm32f4xx_hal.c.obj
 .comment       0x00000043       0x44 CMakeFiles/STM32TwoBoardsCommunication.elf.dir/Drivers/STM32F4xx_HAL_Driver/Src/stm32f4xx_hal_can.c.obj
 .comment       0x00000043       0x44 CMakeFiles/STM32TwoBoardsCommunication.elf.dir/Drivers/STM32F4xx_HAL_Driver/Src/stm32f4xx_hal_cortex.c.obj
 .comment       0x00000043       0x44 CMakeFiles/STM32TwoBoardsCommunication.elf.dir/Drivers/STM32F4xx_HAL_Driver/Src/stm32f4xx_hal_gpio.c.obj
 .comment       0x00000043       0x44 CMakeFiles/STM32TwoBoardsCommunication.elf.dir/Drivers/STM32F4xx_HAL_Driver/Src/stm32f4xx_hal_pwr_ex.c.obj
 .comment       0x00000043       0x44 CMakeFiles/STM32TwoBoardsCommunication.elf.dir/Drivers/STM32F4xx_HAL_Driver/Src/stm32f4xx_hal_rcc.c.obj

.debug_frame    0x00000000     0x1770
 .debug_frame   0x00000000       0x60 CMakeFiles/STM32TwoBoardsCommunication.elf.dir/Core/Src/can.c.obj
 .debug_frame   0x00000060       0x60 CMakeFiles/STM32TwoBoardsCommunication.elf.dir/Core/Src/can_task.cpp.obj
 .debug_frame   0x000000c0       0x30 CMakeFiles/STM32TwoBoardsCommunication.elf.dir/Core/Src/gpio.c.obj
 .debug_frame   0x000000f0       0x28 CMakeFiles/STM32TwoBoardsCommunication.elf.dir/Core/Src/key_task.cpp.obj
 .debug_frame   0x00000118       0x58 CMakeFiles/STM32TwoBoardsCommunication.elf.dir/Core/Src/main.c.obj
 .debug_frame   0x00000170       0x28 CMakeFiles/STM32TwoBoardsCommunication.elf.dir/Core/Src/startup.cpp.obj
 .debug_frame   0x00000198       0x28 CMakeFiles/STM32TwoBoardsCommunication.elf.dir/Core/Src/stm32f4xx_hal_msp.c.obj
 .debug_frame   0x000001c0      0x120 CMakeFiles/STM32TwoBoardsCommunication.elf.dir/Core/Src/stm32f4xx_it.c.obj
 .debug_frame   0x000002e0      0x190 CMakeFiles/STM32TwoBoardsCommunication.elf.dir/Core/Src/syscalls.c.obj
 .debug_frame   0x00000470       0x30 CMakeFiles/STM32TwoBoardsCommunication.elf.dir/Core/Src/system_stm32f4xx.c.obj
 .debug_frame   0x000004a0      0x20c CMakeFiles/STM32TwoBoardsCommunication.elf.dir/Drivers/STM32F4xx_HAL_Driver/Src/stm32f4xx_hal.c.obj
 .debug_frame   0x000006ac      0x2d0 CMakeFiles/STM32TwoBoardsCommunication.elf.dir/Drivers/STM32F4xx_HAL_Driver/Src/stm32f4xx_hal_can.c.obj
 .debug_frame   0x0000097c      0x1cc CMakeFiles/STM32TwoBoardsCommunication.elf.dir/Drivers/STM32F4xx_HAL_Driver/Src/stm32f4xx_hal_cortex.c.obj
 .debug_frame   0x00000b48       0xd4 CMakeFiles/STM32TwoBoardsCommunication.elf.dir/Drivers/STM32F4xx_HAL_Driver/Src/stm32f4xx_hal_gpio.c.obj
 .debug_frame   0x00000c1c       0xec CMakeFiles/STM32TwoBoardsCommunication.elf.dir/Drivers/STM32F4xx_HAL_Driver/Src/stm32f4xx_hal_pwr_ex.c.obj
 .debug_frame   0x00000d08      0x16c CMakeFiles/STM32TwoBoardsCommunication.elf.dir/Drivers/STM32F4xx_HAL_Driver/Src/stm32f4xx_hal_rcc.c.obj
 .debug_frame   0x00000e74       0x2c C:/MyProgramFiles/Engineering/Embedded/STM32CubeCLT-1.16.0/STM32CubeCLT_1.16.0/GNU-tools-for-STM32/bin/../lib/gcc/arm-none-eabi/12.3.1/thumb/v7e-m/nofp\libgcc.a(_aeabi_uldivmod.o)
 .debug_frame   0x00000ea0       0x34 C:/MyProgramFiles/Engineering/Embedded/STM32CubeCLT-1.16.0/STM32CubeCLT_1.16.0/GNU-tools-for-STM32/bin/../lib/gcc/arm-none-eabi/12.3.1/thumb/v7e-m/nofp\libgcc.a(_udivmoddi4.o)
 .debug_frame   0x00000ed4      0x2c4 C:/MyProgramFiles/Engineering/Embedded/STM32CubeCLT-1.16.0/STM32CubeCLT_1.16.0/GNU-tools-for-STM32/bin/../lib/gcc/arm-none-eabi/12.3.1/thumb/v7e-m/nofp\libgcc.a(unwind-arm.o)
 .debug_frame   0x00001198      0x104 C:/MyProgramFiles/Engineering/Embedded/STM32CubeCLT-1.16.0/STM32CubeCLT_1.16.0/GNU-tools-for-STM32/bin/../lib/gcc/arm-none-eabi/12.3.1/thumb/v7e-m/nofp\libgcc.a(pr-support.o)
 .debug_frame   0x0000129c       0x28 C:/MyProgramFiles/Engineering/Embedded/STM32CubeCLT-1.16.0/STM32CubeCLT_1.16.0/GNU-tools-for-STM32/bin/../lib/gcc/arm-none-eabi/12.3.1/../../../../arm-none-eabi/lib/thumb/v7e-m/nofp\libc.a(libc_a-abort.o)
 .debug_frame   0x000012c4      0x144 C:/MyProgramFiles/Engineering/Embedded/STM32CubeCLT-1.16.0/STM32CubeCLT_1.16.0/GNU-tools-for-STM32/bin/../lib/gcc/arm-none-eabi/12.3.1/../../../../arm-none-eabi/lib/thumb/v7e-m/nofp\libc.a(libc_a-findfp.o)
 .debug_frame   0x00001408       0x20 C:/MyProgramFiles/Engineering/Embedded/STM32CubeCLT-1.16.0/STM32CubeCLT_1.16.0/GNU-tools-for-STM32/bin/../lib/gcc/arm-none-eabi/12.3.1/../../../../arm-none-eabi/lib/thumb/v7e-m/nofp\libc.a(libc_a-memset.o)
 .debug_frame   0x00001428       0xcc C:/MyProgramFiles/Engineering/Embedded/STM32CubeCLT-1.16.0/STM32CubeCLT_1.16.0/GNU-tools-for-STM32/bin/../lib/gcc/arm-none-eabi/12.3.1/../../../../arm-none-eabi/lib/thumb/v7e-m/nofp\libc.a(libc_a-signal.o)
 .debug_frame   0x000014f4       0x38 C:/MyProgramFiles/Engineering/Embedded/STM32CubeCLT-1.16.0/STM32CubeCLT_1.16.0/GNU-tools-for-STM32/bin/../lib/gcc/arm-none-eabi/12.3.1/../../../../arm-none-eabi/lib/thumb/v7e-m/nofp\libc.a(libc_a-reent.o)
 .debug_frame   0x0000152c       0x3c C:/MyProgramFiles/Engineering/Embedded/STM32CubeCLT-1.16.0/STM32CubeCLT_1.16.0/GNU-tools-for-STM32/bin/../lib/gcc/arm-none-eabi/12.3.1/../../../../arm-none-eabi/lib/thumb/v7e-m/nofp\libc.a(libc_a-signalr.o)
 .debug_frame   0x00001568       0x20 C:/MyProgramFiles/Engineering/Embedded/STM32CubeCLT-1.16.0/STM32CubeCLT_1.16.0/GNU-tools-for-STM32/bin/../lib/gcc/arm-none-eabi/12.3.1/../../../../arm-none-eabi/lib/thumb/v7e-m/nofp\libc.a(libc_a-errno.o)
 .debug_frame   0x00001588       0x2c C:/MyProgramFiles/Engineering/Embedded/STM32CubeCLT-1.16.0/STM32CubeCLT_1.16.0/GNU-tools-for-STM32/bin/../lib/gcc/arm-none-eabi/12.3.1/../../../../arm-none-eabi/lib/thumb/v7e-m/nofp\libc.a(libc_a-init.o)
 .debug_frame   0x000015b4       0xb0 C:/MyProgramFiles/Engineering/Embedded/STM32CubeCLT-1.16.0/STM32CubeCLT_1.16.0/GNU-tools-for-STM32/bin/../lib/gcc/arm-none-eabi/12.3.1/../../../../arm-none-eabi/lib/thumb/v7e-m/nofp\libc.a(libc_a-lock.o)
 .debug_frame   0x00001664       0x28 C:/MyProgramFiles/Engineering/Embedded/STM32CubeCLT-1.16.0/STM32CubeCLT_1.16.0/GNU-tools-for-STM32/bin/../lib/gcc/arm-none-eabi/12.3.1/../../../../arm-none-eabi/lib/thumb/v7e-m/nofp\libc.a(libc_a-memcpy-stub.o)
 .debug_frame   0x0000168c       0x58 C:/MyProgramFiles/Engineering/Embedded/STM32CubeCLT-1.16.0/STM32CubeCLT_1.16.0/GNU-tools-for-STM32/bin/../lib/gcc/arm-none-eabi/12.3.1/../../../../arm-none-eabi/lib/thumb/v7e-m/nofp\libc.a(libc_a-__call_atexit.o)
 .debug_frame   0x000016e4       0x20 C:/MyProgramFiles/Engineering/Embedded/STM32CubeCLT-1.16.0/STM32CubeCLT_1.16.0/GNU-tools-for-STM32/bin/../lib/gcc/arm-none-eabi/12.3.1/../../../../arm-none-eabi/lib/thumb/v7e-m/nofp\libc.a(libc_a-atexit.o)
 .debug_frame   0x00001704       0x38 C:/MyProgramFiles/Engineering/Embedded/STM32CubeCLT-1.16.0/STM32CubeCLT_1.16.0/GNU-tools-for-STM32/bin/../lib/gcc/arm-none-eabi/12.3.1/../../../../arm-none-eabi/lib/thumb/v7e-m/nofp\libc.a(libc_a-fini.o)
 .debug_frame   0x0000173c       0x34 C:/MyProgramFiles/Engineering/Embedded/STM32CubeCLT-1.16.0/STM32CubeCLT_1.16.0/GNU-tools-for-STM32/bin/../lib/gcc/arm-none-eabi/12.3.1/../../../../arm-none-eabi/lib/thumb/v7e-m/nofp\libc.a(libc_a-__atexit.o)

.debug_line_str
                0x00000000       0xc7
 .debug_line_str
                0x00000000       0xc7 CMakeFiles/STM32TwoBoardsCommunication.elf.dir/Core/Startup/startup_stm32f427iihx.s.obj
